******************************************************************************
                  TI ARM Linker PC v5.1.6                      
******************************************************************************
>> Linked Thu Feb 11 15:44:14 2016

OUTPUT FILE NAME:   <traffic_light.out>
ENTRY POINT SYMBOL: "_c_int00"  address: 00000745


MEMORY CONFIGURATION

         name            origin    length      used     unused   attr    fill
----------------------  --------  ---------  --------  --------  ----  --------
  FLASH                 00000000   00040000  00000976  0003f68a  R  X
  SRAM                  20000000   00008000  00000218  00007de8  RW X


SEGMENT ALLOCATION MAP

run origin  load origin   length   init length attrs members
----------  ----------- ---------- ----------- ----- -------
00000000    00000000    00000978   00000978    r-x
  00000000    00000000    0000026c   0000026c    r-- .intvecs
  0000026c    0000026c    000006a2   000006a2    r-x .text
  00000910    00000910    00000030   00000030    r-- .const
  00000940    00000940    00000038   00000038    r-- .cinit
20000000    20000000    00000218   00000000    rw-
  20000000    20000000    00000200   00000000    rw- .stack
  20000200    20000200    00000014   00000000    rw- .data
  20000214    20000214    00000004   00000000    rw- .bss


SECTION ALLOCATION MAP

 output                                  attributes/
section   page    origin      length       input sections
--------  ----  ----------  ----------   ----------------
.intvecs   0    00000000    0000026c     
                  00000000    0000026c     tm4c123gh6pm_startup_ccs.obj (.intvecs)

.init_array 
*          0    00000000    00000000     UNINITIALIZED

.text      0    0000026c    000006a2     
                  0000026c    00000130     driverlib.lib : gpio.obj (.text:GPIOPadConfigSet)
                  0000039c    00000128     main.obj (.text)
                  000004c4    000000f0     driverlib.lib : sysctl.obj (.text:SysCtlClockSet)
                  000005b4    0000009c     rtsv7M4_T_le_v4SPD16_eabi.lib : memcpy_t2.obj (.text)
                  00000650    00000094                                   : auto_init.obj (.text)
                  000006e4    0000005e                                   : copy_decompress_rle.obj (.text)
                  00000742    00000002     --HOLE-- [fill = 0]
                  00000744    00000048                                   : boot.obj (.text)
                  0000078c    00000044                                   : cpy_tbl.obj (.text)
                  000007d0    00000044                                   : exit.obj (.text)
                  00000814    00000034     driverlib.lib : sysctl.obj (.text:SysCtlPeripheralEnable)
                  00000848    0000002a                   : gpio.obj (.text:GPIODirModeSet)
                  00000872    00000018                   : gpio.obj (.text:GPIOPinTypeGPIOOutput)
                  0000088a    00000002     --HOLE-- [fill = 0]
                  0000088c    00000018     rtsv7M4_T_le_v4SPD16_eabi.lib : args_main.obj (.text)
                  000008a4    00000014                                   : _lock.obj (.text)
                  000008b8    00000012     driverlib.lib : gpio.obj (.text:GPIOPinTypeGPIOInput)
                  000008ca    00000012     rtsv7M4_T_le_v4SPD16_eabi.lib : copy_zero_init.obj (.text:decompress:ZI)
                  000008dc    0000000e                                   : copy_decompress_none.obj (.text:decompress:none)
                  000008ea    0000000c     tm4c123gh6pm_startup_ccs.obj (.text)
                  000008f6    00000006     driverlib.lib : gpio.obj (.text:GPIOPinRead)
                  000008fc    00000006                   : gpio.obj (.text:GPIOPinWrite)
                  00000902    00000006                   : sysctl.obj (.text:SysCtlDelay)
                  00000908    00000006     rtsv7M4_T_le_v4SPD16_eabi.lib : copy_decompress_rle.obj (.text:decompress:rle24)

.const     0    00000910    00000030     
                  00000910    00000030     main.obj (.const:$P$T0$1)

.cinit     0    00000940    00000038     
                  00000940    0000000f     (.cinit..data.load) [load image, compression = rle]
                  0000094f    00000001     --HOLE-- [fill = 0]
                  00000950    0000000c     (__TI_handler_table)
                  0000095c    00000004     --HOLE-- [fill = 0]
                  00000960    00000008     (.cinit..bss.load) [load image, compression = zero_init]
                  00000968    00000010     (__TI_cinit_table)

.stack     0    20000000    00000200     UNINITIALIZED
                  20000000    00000200     --HOLE--

.data      0    20000200    00000014     UNINITIALIZED
                  20000200    00000008     rtsv7M4_T_le_v4SPD16_eabi.lib : _lock.obj (.data)
                  20000208    00000008                                   : exit.obj (.data)
                  20000210    00000004                                   : stkdepth_vars.obj (.data)

.bss       0    20000214    00000004     UNINITIALIZED
                  20000214    00000001     (.common:EastCarSwitch)
                  20000215    00000001     (.common:NorthCarSwitch)
                  20000216    00000001     (.common:cState)
                  20000217    00000001     (.common:switchInputSum)


LINKER GENERATED COPY TABLES

__TI_cinit_table @ 00000968 records: 2, size/record: 8, table size: 16
	.data: load addr=00000940, load size=0000000f bytes, run addr=20000200, run size=00000014 bytes, compression=rle
	.bss: load addr=00000960, load size=00000008 bytes, run addr=20000214, run size=00000004 bytes, compression=zero_init


LINKER GENERATED HANDLER TABLE

__TI_handler_table @ 00000950 records: 3, size/record: 4, table size: 12
	index: 0, handler: __TI_decompress_rle24
	index: 1, handler: __TI_decompress_none
	index: 2, handler: __TI_zero_init


GLOBAL SYMBOLS: SORTED ALPHABETICALLY BY Name 

address    name
--------   ----
000007d1   C$$EXIT
20000214   EastCarSwitch
00000849   GPIODirModeSet
0000026d   GPIOPadConfigSet
000008f7   GPIOPinRead
000008b9   GPIOPinTypeGPIOInput
00000873   GPIOPinTypeGPIOOutput
000008fd   GPIOPinWrite
20000215   NorthCarSwitch
000008eb   ResetISR
UNDEFED    SHT$$INIT_ARRAY$$Base
UNDEFED    SHT$$INIT_ARRAY$$Limit
000004c5   SysCtlClockSet
00000903   SysCtlDelay
00000815   SysCtlPeripheralEnable
20000200   __STACK_END
00000200   __STACK_SIZE
20000200   __STACK_TOP
00000968   __TI_CINIT_Base
00000978   __TI_CINIT_Limit
00000950   __TI_Handler_Table_Base
0000095c   __TI_Handler_Table_Limit
00000001   __TI_args_main
00000651   __TI_auto_init
20000208   __TI_cleanup_ptr
000008dd   __TI_decompress_none
00000909   __TI_decompress_rle24
2000020c   __TI_dtors_ptr
00000000   __TI_static_base__
000008cb   __TI_zero_init
000005b5   __aeabi_memcpy
000005b5   __aeabi_memcpy4
000005b5   __aeabi_memcpy8
ffffffff   __binit__
ffffffff   __c_args__
20000000   __stack
0000088d   _args_main
00000745   _c_int00
20000200   _lock
000008b3   _nop
000008ab   _register_lock
000008a5   _register_unlock
20000204   _unlock
000007d5   abort
ffffffff   binit
20000216   cState
0000078d   copy_in
000007dd   exit
00000000   g_pfnVectors
0000039d   main
20000210   main_func_sp
000005b5   memcpy
20000217   switchInputSum


GLOBAL SYMBOLS: SORTED BY Symbol Address 

address    name
--------   ----
00000000   __TI_static_base__
00000000   g_pfnVectors
00000001   __TI_args_main
00000200   __STACK_SIZE
0000026d   GPIOPadConfigSet
0000039d   main
000004c5   SysCtlClockSet
000005b5   __aeabi_memcpy
000005b5   __aeabi_memcpy4
000005b5   __aeabi_memcpy8
000005b5   memcpy
00000651   __TI_auto_init
00000745   _c_int00
0000078d   copy_in
000007d1   C$$EXIT
000007d5   abort
000007dd   exit
00000815   SysCtlPeripheralEnable
00000849   GPIODirModeSet
00000873   GPIOPinTypeGPIOOutput
0000088d   _args_main
000008a5   _register_unlock
000008ab   _register_lock
000008b3   _nop
000008b9   GPIOPinTypeGPIOInput
000008cb   __TI_zero_init
000008dd   __TI_decompress_none
000008eb   ResetISR
000008f7   GPIOPinRead
000008fd   GPIOPinWrite
00000903   SysCtlDelay
00000909   __TI_decompress_rle24
00000950   __TI_Handler_Table_Base
0000095c   __TI_Handler_Table_Limit
00000968   __TI_CINIT_Base
00000978   __TI_CINIT_Limit
20000000   __stack
20000200   __STACK_END
20000200   __STACK_TOP
20000200   _lock
20000204   _unlock
20000208   __TI_cleanup_ptr
2000020c   __TI_dtors_ptr
20000210   main_func_sp
20000214   EastCarSwitch
20000215   NorthCarSwitch
20000216   cState
20000217   switchInputSum
ffffffff   __binit__
ffffffff   __c_args__
ffffffff   binit
UNDEFED    SHT$$INIT_ARRAY$$Base
UNDEFED    SHT$$INIT_ARRAY$$Limit

[53 symbols]
