******************************************************************************
                  TI ARM Linker PC v5.1.6                      
******************************************************************************
>> Linked Tue Feb 16 11:54:44 2016

OUTPUT FILE NAME:   <gpio_init.out>
ENTRY POINT SYMBOL: "_c_int00"  address: 00000685


MEMORY CONFIGURATION

         name            origin    length      used     unused   attr    fill
----------------------  --------  ---------  --------  --------  ----  --------
  FLASH                 00000000   00040000  00000844  0003f7bc  R  X
  SRAM                  20000000   00008000  00000215  00007deb  RW X


SEGMENT ALLOCATION MAP

run origin  load origin   length   init length attrs members
----------  ----------- ---------- ----------- ----- -------
00000000    00000000    00000848   00000848    r-x
  00000000    00000000    0000026c   0000026c    r-- .intvecs
  0000026c    0000026c    000005b8   000005b8    r-x .text
  00000828    00000828    00000020   00000020    r-- .cinit
20000000    20000000    00000215   00000000    rw-
  20000000    20000000    00000200   00000000    rw- .stack
  20000200    20000200    00000015   00000000    rw- .data


SECTION ALLOCATION MAP

 output                                  attributes/
section   page    origin      length       input sections
--------  ----  ----------  ----------   ----------------
.intvecs   0    00000000    0000026c     
                  00000000    0000026c     tm4c123gh6pm_startup_ccs.obj (.intvecs)

.init_array 
*          0    00000000    00000000     UNINITIALIZED

.text      0    0000026c    000005b8     
                  0000026c    00000130     driverlib.lib : gpio.obj (.text:GPIOPadConfigSet)
                  0000039c    000000f0                   : sysctl.obj (.text:SysCtlClockSet)
                  0000048c    0000009c     rtsv7M4_T_le_v4SPD16_eabi.lib : memcpy_t2.obj (.text)
                  00000528    00000094                                   : auto_init.obj (.text)
                  000005bc    00000068     main.obj (.text)
                  00000624    0000005e     rtsv7M4_T_le_v4SPD16_eabi.lib : copy_decompress_rle.obj (.text)
                  00000682    00000002     --HOLE-- [fill = 0]
                  00000684    00000048                                   : boot.obj (.text)
                  000006cc    00000044                                   : cpy_tbl.obj (.text)
                  00000710    00000044                                   : exit.obj (.text)
                  00000754    00000034     driverlib.lib : sysctl.obj (.text:SysCtlPeripheralEnable)
                  00000788    0000002a                   : gpio.obj (.text:GPIODirModeSet)
                  000007b2    00000018                   : gpio.obj (.text:GPIOPinTypeGPIOOutput)
                  000007ca    00000002     --HOLE-- [fill = 0]
                  000007cc    00000018     rtsv7M4_T_le_v4SPD16_eabi.lib : args_main.obj (.text)
                  000007e4    00000014                                   : _lock.obj (.text)
                  000007f8    0000000e                                   : copy_decompress_none.obj (.text:decompress:none)
                  00000806    0000000c     tm4c123gh6pm_startup_ccs.obj (.text)
                  00000812    00000006     driverlib.lib : gpio.obj (.text:GPIOPinWrite)
                  00000818    00000006                   : sysctl.obj (.text:SysCtlDelay)
                  0000081e    00000006     rtsv7M4_T_le_v4SPD16_eabi.lib : copy_decompress_rle.obj (.text:decompress:rle24)

.cinit     0    00000828    00000020     
                  00000828    00000010     (.cinit..data.load) [load image, compression = rle]
                  00000838    00000008     (__TI_handler_table)
                  00000840    00000008     (__TI_cinit_table)

.stack     0    20000000    00000200     UNINITIALIZED
                  20000000    00000200     --HOLE--

.data      0    20000200    00000015     UNINITIALIZED
                  20000200    00000008     rtsv7M4_T_le_v4SPD16_eabi.lib : _lock.obj (.data)
                  20000208    00000008                                   : exit.obj (.data)
                  20000210    00000004                                   : stkdepth_vars.obj (.data)
                  20000214    00000001     main.obj (.data)


LINKER GENERATED COPY TABLES

__TI_cinit_table @ 00000840 records: 1, size/record: 8, table size: 8
	.data: load addr=00000828, load size=00000010 bytes, run addr=20000200, run size=00000015 bytes, compression=rle


LINKER GENERATED HANDLER TABLE

__TI_handler_table @ 00000838 records: 2, size/record: 4, table size: 8
	index: 0, handler: __TI_decompress_rle24
	index: 1, handler: __TI_decompress_none


GLOBAL SYMBOLS: SORTED ALPHABETICALLY BY Name 

address    name
--------   ----
00000711   C$$EXIT
00000789   GPIODirModeSet
0000026d   GPIOPadConfigSet
000007b3   GPIOPinTypeGPIOOutput
00000813   GPIOPinWrite
00000807   ResetISR
UNDEFED    SHT$$INIT_ARRAY$$Base
UNDEFED    SHT$$INIT_ARRAY$$Limit
0000039d   SysCtlClockSet
00000819   SysCtlDelay
00000755   SysCtlPeripheralEnable
20000200   __STACK_END
00000200   __STACK_SIZE
20000200   __STACK_TOP
00000840   __TI_CINIT_Base
00000848   __TI_CINIT_Limit
00000838   __TI_Handler_Table_Base
00000840   __TI_Handler_Table_Limit
00000001   __TI_args_main
00000529   __TI_auto_init
20000208   __TI_cleanup_ptr
000007f9   __TI_decompress_none
0000081f   __TI_decompress_rle24
2000020c   __TI_dtors_ptr
00000000   __TI_static_base__
0000048d   __aeabi_memcpy
0000048d   __aeabi_memcpy4
0000048d   __aeabi_memcpy8
ffffffff   __binit__
ffffffff   __c_args__
20000000   __stack
000007cd   _args_main
00000685   _c_int00
20000200   _lock
000007f3   _nop
000007eb   _register_lock
000007e5   _register_unlock
20000204   _unlock
00000715   abort
ffffffff   binit
000006cd   copy_in
0000071d   exit
00000000   g_pfnVectors
000005bd   main
20000210   main_func_sp
0000048d   memcpy
20000214   ui8PinData


GLOBAL SYMBOLS: SORTED BY Symbol Address 

address    name
--------   ----
00000000   __TI_static_base__
00000000   g_pfnVectors
00000001   __TI_args_main
00000200   __STACK_SIZE
0000026d   GPIOPadConfigSet
0000039d   SysCtlClockSet
0000048d   __aeabi_memcpy
0000048d   __aeabi_memcpy4
0000048d   __aeabi_memcpy8
0000048d   memcpy
00000529   __TI_auto_init
000005bd   main
00000685   _c_int00
000006cd   copy_in
00000711   C$$EXIT
00000715   abort
0000071d   exit
00000755   SysCtlPeripheralEnable
00000789   GPIODirModeSet
000007b3   GPIOPinTypeGPIOOutput
000007cd   _args_main
000007e5   _register_unlock
000007eb   _register_lock
000007f3   _nop
000007f9   __TI_decompress_none
00000807   ResetISR
00000813   GPIOPinWrite
00000819   SysCtlDelay
0000081f   __TI_decompress_rle24
00000838   __TI_Handler_Table_Base
00000840   __TI_CINIT_Base
00000840   __TI_Handler_Table_Limit
00000848   __TI_CINIT_Limit
20000000   __stack
20000200   __STACK_END
20000200   __STACK_TOP
20000200   _lock
20000204   _unlock
20000208   __TI_cleanup_ptr
2000020c   __TI_dtors_ptr
20000210   main_func_sp
20000214   ui8PinData
ffffffff   __binit__
ffffffff   __c_args__
ffffffff   binit
UNDEFED    SHT$$INIT_ARRAY$$Base
UNDEFED    SHT$$INIT_ARRAY$$Limit

[47 symbols]
