******************************************************************************
                  TI ARM Linker PC v5.1.6                      
******************************************************************************
>> Linked Fri Jan 29 14:20:31 2016

OUTPUT FILE NAME:   <gpio_init.out>
ENTRY POINT SYMBOL: "_c_int00"  address: 00000465


MEMORY CONFIGURATION

         name            origin    length      used     unused   attr    fill
----------------------  --------  ---------  --------  --------  ----  --------
  FLASH                 00000000   00040000  000005a0  0003fa60  R  X
  SRAM                  20000000   00008000  00000215  00007deb  RW X


SEGMENT ALLOCATION MAP

run origin  load origin   length   init length attrs members
----------  ----------- ---------- ----------- ----- -------
00000000    00000000    000005a0   000005a0    r-x
  00000000    00000000    0000026c   0000026c    r-- .intvecs
  0000026c    0000026c    00000314   00000314    r-x .text
  00000580    00000580    00000020   00000020    r-- .cinit
20000000    20000000    00000215   00000000    rw-
  20000000    20000000    00000200   00000000    rw- .stack
  20000200    20000200    00000015   00000000    rw- .data


SECTION ALLOCATION MAP

 output                                  attributes/
section   page    origin      length       input sections
--------  ----  ----------  ----------   ----------------
.intvecs   0    00000000    0000026c     
                  00000000    0000026c     tm4c123gh6pm_startup_ccs.obj (.intvecs)

.init_array 
*          0    00000000    00000000     UNINITIALIZED

.text      0    0000026c    00000314     
                  0000026c    0000009c     rtsv7M4_T_le_v4SPD16_eabi.lib : memcpy_t2.obj (.text)
                  00000308    00000094                                   : auto_init.obj (.text)
                  0000039c    00000068     main.obj (.text)
                  00000404    0000005e     rtsv7M4_T_le_v4SPD16_eabi.lib : copy_decompress_rle.obj (.text)
                  00000462    00000002     --HOLE-- [fill = 0]
                  00000464    00000048                                   : boot.obj (.text)
                  000004ac    00000044                                   : cpy_tbl.obj (.text)
                  000004f0    00000044                                   : exit.obj (.text)
                  00000534    00000018                                   : args_main.obj (.text)
                  0000054c    00000014                                   : _lock.obj (.text)
                  00000560    0000000e                                   : copy_decompress_none.obj (.text:decompress:none)
                  0000056e    0000000c     tm4c123gh6pm_startup_ccs.obj (.text)
                  0000057a    00000006     rtsv7M4_T_le_v4SPD16_eabi.lib : copy_decompress_rle.obj (.text:decompress:rle24)

.cinit     0    00000580    00000020     
                  00000580    00000010     (.cinit..data.load) [load image, compression = rle]
                  00000590    00000008     (__TI_handler_table)
                  00000598    00000008     (__TI_cinit_table)

.stack     0    20000000    00000200     UNINITIALIZED
                  20000000    00000200     --HOLE--

.data      0    20000200    00000015     UNINITIALIZED
                  20000200    00000008     rtsv7M4_T_le_v4SPD16_eabi.lib : _lock.obj (.data)
                  20000208    00000008                                   : exit.obj (.data)
                  20000210    00000004                                   : stkdepth_vars.obj (.data)
                  20000214    00000001     main.obj (.data)


LINKER GENERATED COPY TABLES

__TI_cinit_table @ 00000598 records: 1, size/record: 8, table size: 8
	.data: load addr=00000580, load size=00000010 bytes, run addr=20000200, run size=00000015 bytes, compression=rle


LINKER GENERATED HANDLER TABLE

__TI_handler_table @ 00000590 records: 2, size/record: 4, table size: 8
	index: 0, handler: __TI_decompress_rle24
	index: 1, handler: __TI_decompress_none


GLOBAL SYMBOLS: SORTED ALPHABETICALLY BY Name 

address    name
--------   ----
000004f1   C$$EXIT
UNDEFED    GPIOPinTypeGPIOOutput
UNDEFED    GPIOPinWrite
0000056f   ResetISR
UNDEFED    SHT$$INIT_ARRAY$$Base
UNDEFED    SHT$$INIT_ARRAY$$Limit
UNDEFED    SysCtlClockSet
UNDEFED    SysCtlDelay
UNDEFED    SysCtlPeripheralEnable
20000200   __STACK_END
00000200   __STACK_SIZE
20000200   __STACK_TOP
00000598   __TI_CINIT_Base
000005a0   __TI_CINIT_Limit
00000590   __TI_Handler_Table_Base
00000598   __TI_Handler_Table_Limit
00000001   __TI_args_main
00000309   __TI_auto_init
20000208   __TI_cleanup_ptr
00000561   __TI_decompress_none
0000057b   __TI_decompress_rle24
2000020c   __TI_dtors_ptr
00000000   __TI_static_base__
0000026d   __aeabi_memcpy
0000026d   __aeabi_memcpy4
0000026d   __aeabi_memcpy8
ffffffff   __binit__
ffffffff   __c_args__
20000000   __stack
00000535   _args_main
00000465   _c_int00
20000200   _lock
0000055b   _nop
00000553   _register_lock
0000054d   _register_unlock
20000204   _unlock
000004f5   abort
ffffffff   binit
000004ad   copy_in
000004fd   exit
00000000   g_pfnVectors
0000039d   main
20000210   main_func_sp
0000026d   memcpy
20000214   ui8PinData


GLOBAL SYMBOLS: SORTED BY Symbol Address 

address    name
--------   ----
00000000   __TI_static_base__
00000000   g_pfnVectors
00000001   __TI_args_main
00000200   __STACK_SIZE
0000026d   __aeabi_memcpy
0000026d   __aeabi_memcpy4
0000026d   __aeabi_memcpy8
0000026d   memcpy
00000309   __TI_auto_init
0000039d   main
00000465   _c_int00
000004ad   copy_in
000004f1   C$$EXIT
000004f5   abort
000004fd   exit
00000535   _args_main
0000054d   _register_unlock
00000553   _register_lock
0000055b   _nop
00000561   __TI_decompress_none
0000056f   ResetISR
0000057b   __TI_decompress_rle24
00000590   __TI_Handler_Table_Base
00000598   __TI_CINIT_Base
00000598   __TI_Handler_Table_Limit
000005a0   __TI_CINIT_Limit
20000000   __stack
20000200   __STACK_END
20000200   __STACK_TOP
20000200   _lock
20000204   _unlock
20000208   __TI_cleanup_ptr
2000020c   __TI_dtors_ptr
20000210   main_func_sp
20000214   ui8PinData
ffffffff   __binit__
ffffffff   __c_args__
ffffffff   binit
UNDEFED    GPIOPinTypeGPIOOutput
UNDEFED    GPIOPinWrite
UNDEFED    SHT$$INIT_ARRAY$$Base
UNDEFED    SHT$$INIT_ARRAY$$Limit
UNDEFED    SysCtlClockSet
UNDEFED    SysCtlDelay
UNDEFED    SysCtlPeripheralEnable

[45 symbols]
