******************************************************************************
                  TI ARM Linker PC v5.1.6                      
******************************************************************************
>> Linked Fri Jan 29 14:20:28 2016

OUTPUT FILE NAME:   <adc_pot.out>
ENTRY POINT SYMBOL: "_c_int00"  address: 00000471


MEMORY CONFIGURATION

         name            origin    length      used     unused   attr    fill
----------------------  --------  ---------  --------  --------  ----  --------
  FLASH                 00000000   00040000  000005ac  0003fa54  R  X
  SRAM                  20000000   00008000  00000214  00007dec  RW X


SEGMENT ALLOCATION MAP

run origin  load origin   length   init length attrs members
----------  ----------- ---------- ----------- ----- -------
00000000    00000000    000005b0   000005b0    r-x
  00000000    00000000    0000026c   0000026c    r-- .intvecs
  0000026c    0000026c    00000320   00000320    r-x .text
  00000590    00000590    00000020   00000020    r-- .cinit
20000000    20000000    00000214   00000000    rw-
  20000000    20000000    00000200   00000000    rw- .stack
  20000200    20000200    00000014   00000000    rw- .data


SECTION ALLOCATION MAP

 output                                  attributes/
section   page    origin      length       input sections
--------  ----  ----------  ----------   ----------------
.intvecs   0    00000000    0000026c     
                  00000000    0000026c     tm4c123gh6pm_startup_ccs.obj (.intvecs)

.init_array 
*          0    00000000    00000000     UNINITIALIZED

.text      0    0000026c    00000320     
                  0000026c    0000009c     rtsv7M4_T_le_v4SPD16_eabi.lib : memcpy_t2.obj (.text)
                  00000308    00000094                                   : auto_init.obj (.text)
                  0000039c    00000074     main.obj (.text)
                  00000410    0000005e     rtsv7M4_T_le_v4SPD16_eabi.lib : copy_decompress_rle.obj (.text)
                  0000046e    00000002     --HOLE-- [fill = 0]
                  00000470    00000048                                   : boot.obj (.text)
                  000004b8    00000044                                   : cpy_tbl.obj (.text)
                  000004fc    00000044                                   : exit.obj (.text)
                  00000540    00000018                                   : args_main.obj (.text)
                  00000558    00000014                                   : _lock.obj (.text)
                  0000056c    0000000e                                   : copy_decompress_none.obj (.text:decompress:none)
                  0000057a    0000000c     tm4c123gh6pm_startup_ccs.obj (.text)
                  00000586    00000006     rtsv7M4_T_le_v4SPD16_eabi.lib : copy_decompress_rle.obj (.text:decompress:rle24)

.cinit     0    00000590    00000020     
                  00000590    0000000f     (.cinit..data.load) [load image, compression = rle]
                  0000059f    00000001     --HOLE-- [fill = 0]
                  000005a0    00000008     (__TI_handler_table)
                  000005a8    00000008     (__TI_cinit_table)

.stack     0    20000000    00000200     UNINITIALIZED
                  20000000    00000200     --HOLE--

.data      0    20000200    00000014     UNINITIALIZED
                  20000200    00000008     rtsv7M4_T_le_v4SPD16_eabi.lib : _lock.obj (.data)
                  20000208    00000008                                   : exit.obj (.data)
                  20000210    00000004                                   : stkdepth_vars.obj (.data)


LINKER GENERATED COPY TABLES

__TI_cinit_table @ 000005a8 records: 1, size/record: 8, table size: 8
	.data: load addr=00000590, load size=0000000f bytes, run addr=20000200, run size=00000014 bytes, compression=rle


LINKER GENERATED HANDLER TABLE

__TI_handler_table @ 000005a0 records: 2, size/record: 4, table size: 8
	index: 0, handler: __TI_decompress_rle24
	index: 1, handler: __TI_decompress_none


GLOBAL SYMBOLS: SORTED ALPHABETICALLY BY Name 

address    name
--------   ----
UNDEFED    ADCIntClear
UNDEFED    ADCIntStatus
UNDEFED    ADCSequenceConfigure
UNDEFED    ADCSequenceDataGet
UNDEFED    ADCSequenceEnable
UNDEFED    ADCSequenceStepConfigure
000004fd   C$$EXIT
UNDEFED    GPIOPinTypeADC
0000057b   ResetISR
UNDEFED    SHT$$INIT_ARRAY$$Base
UNDEFED    SHT$$INIT_ARRAY$$Limit
UNDEFED    SysCtlClockSet
UNDEFED    SysCtlPeripheralEnable
20000200   __STACK_END
00000200   __STACK_SIZE
20000200   __STACK_TOP
000005a8   __TI_CINIT_Base
000005b0   __TI_CINIT_Limit
000005a0   __TI_Handler_Table_Base
000005a8   __TI_Handler_Table_Limit
00000001   __TI_args_main
00000309   __TI_auto_init
20000208   __TI_cleanup_ptr
0000056d   __TI_decompress_none
00000587   __TI_decompress_rle24
2000020c   __TI_dtors_ptr
00000000   __TI_static_base__
0000026d   __aeabi_memcpy
0000026d   __aeabi_memcpy4
0000026d   __aeabi_memcpy8
ffffffff   __binit__
ffffffff   __c_args__
20000000   __stack
00000541   _args_main
00000471   _c_int00
20000200   _lock
00000567   _nop
0000055f   _register_lock
00000559   _register_unlock
20000204   _unlock
00000501   abort
ffffffff   binit
000004b9   copy_in
00000509   exit
00000000   g_pfnVectors
0000039d   main
20000210   main_func_sp
0000026d   memcpy


GLOBAL SYMBOLS: SORTED BY Symbol Address 

address    name
--------   ----
00000000   __TI_static_base__
00000000   g_pfnVectors
00000001   __TI_args_main
00000200   __STACK_SIZE
0000026d   __aeabi_memcpy
0000026d   __aeabi_memcpy4
0000026d   __aeabi_memcpy8
0000026d   memcpy
00000309   __TI_auto_init
0000039d   main
00000471   _c_int00
000004b9   copy_in
000004fd   C$$EXIT
00000501   abort
00000509   exit
00000541   _args_main
00000559   _register_unlock
0000055f   _register_lock
00000567   _nop
0000056d   __TI_decompress_none
0000057b   ResetISR
00000587   __TI_decompress_rle24
000005a0   __TI_Handler_Table_Base
000005a8   __TI_CINIT_Base
000005a8   __TI_Handler_Table_Limit
000005b0   __TI_CINIT_Limit
20000000   __stack
20000200   __STACK_END
20000200   __STACK_TOP
20000200   _lock
20000204   _unlock
20000208   __TI_cleanup_ptr
2000020c   __TI_dtors_ptr
20000210   main_func_sp
ffffffff   __binit__
ffffffff   __c_args__
ffffffff   binit
UNDEFED    ADCIntClear
UNDEFED    ADCIntStatus
UNDEFED    ADCSequenceConfigure
UNDEFED    ADCSequenceDataGet
UNDEFED    ADCSequenceEnable
UNDEFED    ADCSequenceStepConfigure
UNDEFED    GPIOPinTypeADC
UNDEFED    SHT$$INIT_ARRAY$$Base
UNDEFED    SHT$$INIT_ARRAY$$Limit
UNDEFED    SysCtlClockSet
UNDEFED    SysCtlPeripheralEnable

[48 symbols]
