******************************************************************************
                  TI ARM Linker PC v5.1.6                      
******************************************************************************
>> Linked Wed Feb 10 11:06:36 2016

OUTPUT FILE NAME:   <oddNumDetector.out>
ENTRY POINT SYMBOL: "_c_int00"  address: 00000691


MEMORY CONFIGURATION

         name            origin    length      used     unused   attr    fill
----------------------  --------  ---------  --------  --------  ----  --------
  FLASH                 00000000   00040000  000008f0  0003f710  R  X
  SRAM                  20000000   00008000  00000481  00007b7f  RW X


SEGMENT ALLOCATION MAP

run origin  load origin   length   init length attrs members
----------  ----------- ---------- ----------- ----- -------
00000000    00000000    000008f0   000008f0    r-x
  00000000    00000000    0000026c   0000026c    r-- .intvecs
  0000026c    0000026c    0000064c   0000064c    r-x .text
  000008b8    000008b8    00000038   00000038    r-- .cinit
20000000    20000000    00000481   00000000    rw-
  20000000    20000000    0000026c   00000000    rw- .vtable
  2000026c    2000026c    00000200   00000000    rw- .stack
  2000046c    2000046c    00000015   00000000    rw- .data


SECTION ALLOCATION MAP

 output                                  attributes/
section   page    origin      length       input sections
--------  ----  ----------  ----------   ----------------
.intvecs   0    00000000    0000026c     
                  00000000    0000026c     tm4c123gh6pm_startup_ccs.obj (.intvecs)

.init_array 
*          0    00000000    00000000     UNINITIALIZED

.text      0    0000026c    0000064c     
                  0000026c    00000130     driverlib.lib : gpio.obj (.text:GPIOPadConfigSet)
                  0000039c    000000f0                   : sysctl.obj (.text:SysCtlClockSet)
                  0000048c    0000009c     rtsv7M4_T_le_v4SPD16_eabi.lib : memcpy_t2.obj (.text)
                  00000528    00000094                                   : auto_init.obj (.text)
                  000005bc    00000074     main.obj (.text)
                  00000630    0000005e     rtsv7M4_T_le_v4SPD16_eabi.lib : copy_decompress_rle.obj (.text)
                  0000068e    00000002     --HOLE-- [fill = 0]
                  00000690    00000048                                   : boot.obj (.text)
                  000006d8    00000044                                   : cpy_tbl.obj (.text)
                  0000071c    00000044                                   : exit.obj (.text)
                  00000760    00000034     driverlib.lib : interrupt.obj (.text:IntRegister)
                  00000794    00000034                   : sysctl.obj (.text:SysCtlPeripheralEnable)
                  000007c8    0000002a                   : gpio.obj (.text:GPIODirModeSet)
                  000007f2    00000002     --HOLE-- [fill = 0]
                  000007f4    0000001c                   : systick.obj (.text:SysTickIntRegister)
                  00000810    00000018                   : gpio.obj (.text:GPIOPinTypeGPIOOutput)
                  00000828    00000018     rtsv7M4_T_le_v4SPD16_eabi.lib : args_main.obj (.text)
                  00000840    00000014     driverlib.lib : systick.obj (.text:SysTickEnable)
                  00000854    00000014     rtsv7M4_T_le_v4SPD16_eabi.lib : _lock.obj (.text)
                  00000868    00000012                                   : copy_zero_init.obj (.text:decompress:ZI)
                  0000087a    00000002     --HOLE-- [fill = 0]
                  0000087c    00000010     driverlib.lib : systick.obj (.text:SysTickPeriodSet)
                  0000088c    0000000e     rtsv7M4_T_le_v4SPD16_eabi.lib : copy_decompress_none.obj (.text:decompress:none)
                  0000089a    0000000c     tm4c123gh6pm_startup_ccs.obj (.text)
                  000008a6    00000006     driverlib.lib : gpio.obj (.text:GPIOPinWrite)
                  000008ac    00000006                   : sysctl.obj (.text:SysCtlDelay)
                  000008b2    00000006     rtsv7M4_T_le_v4SPD16_eabi.lib : copy_decompress_rle.obj (.text:decompress:rle24)

.cinit     0    000008b8    00000038     
                  000008b8    00000010     (.cinit..data.load) [load image, compression = rle]
                  000008c8    0000000c     (__TI_handler_table)
                  000008d4    00000004     --HOLE-- [fill = 0]
                  000008d8    00000008     (.cinit..vtable.load) [load image, compression = zero_init]
                  000008e0    00000010     (__TI_cinit_table)

.vtable    0    20000000    0000026c     UNINITIALIZED
                  20000000    0000026c     driverlib.lib : interrupt.obj (.vtable)

.stack     0    2000026c    00000200     UNINITIALIZED
                  2000026c    00000200     --HOLE--

.data      0    2000046c    00000015     UNINITIALIZED
                  2000046c    00000008     rtsv7M4_T_le_v4SPD16_eabi.lib : _lock.obj (.data)
                  20000474    00000008                                   : exit.obj (.data)
                  2000047c    00000004                                   : stkdepth_vars.obj (.data)
                  20000480    00000001     main.obj (.data)


LINKER GENERATED COPY TABLES

__TI_cinit_table @ 000008e0 records: 2, size/record: 8, table size: 16
	.data: load addr=000008b8, load size=00000010 bytes, run addr=2000046c, run size=00000015 bytes, compression=rle
	.vtable: load addr=000008d8, load size=00000008 bytes, run addr=20000000, run size=0000026c bytes, compression=zero_init


LINKER GENERATED HANDLER TABLE

__TI_handler_table @ 000008c8 records: 3, size/record: 4, table size: 12
	index: 0, handler: __TI_zero_init
	index: 1, handler: __TI_decompress_rle24
	index: 2, handler: __TI_decompress_none


GLOBAL SYMBOLS: SORTED ALPHABETICALLY BY Name 

address    name
--------   ----
0000071d   C$$EXIT
000007c9   GPIODirModeSet
0000026d   GPIOPadConfigSet
00000811   GPIOPinTypeGPIOOutput
000008a7   GPIOPinWrite
00000761   IntRegister
0000089b   ResetISR
UNDEFED    SHT$$INIT_ARRAY$$Base
UNDEFED    SHT$$INIT_ARRAY$$Limit
0000039d   SysCtlClockSet
000008ad   SysCtlDelay
00000795   SysCtlPeripheralEnable
00000841   SysTickEnable
000007f5   SysTickIntRegister
0000087d   SysTickPeriodSet
000005d9   SystickIntHandler
2000046c   __STACK_END
00000200   __STACK_SIZE
2000046c   __STACK_TOP
000008e0   __TI_CINIT_Base
000008f0   __TI_CINIT_Limit
000008c8   __TI_Handler_Table_Base
000008d4   __TI_Handler_Table_Limit
00000001   __TI_args_main
00000529   __TI_auto_init
20000474   __TI_cleanup_ptr
0000088d   __TI_decompress_none
000008b3   __TI_decompress_rle24
20000478   __TI_dtors_ptr
00000000   __TI_static_base__
00000869   __TI_zero_init
0000048d   __aeabi_memcpy
0000048d   __aeabi_memcpy4
0000048d   __aeabi_memcpy8
ffffffff   __binit__
ffffffff   __c_args__
2000026c   __stack
00000829   _args_main
00000691   _c_int00
2000046c   _lock
00000863   _nop
0000085b   _register_lock
00000855   _register_unlock
20000470   _unlock
00000721   abort
ffffffff   binit
000006d9   copy_in
00000729   exit
20000000   g_pfnRAMVectors
00000000   g_pfnVectors
000005bd   initLEDs
000005f3   main
2000047c   main_func_sp
0000048d   memcpy
20000480   ui8PinData


GLOBAL SYMBOLS: SORTED BY Symbol Address 

address    name
--------   ----
00000000   __TI_static_base__
00000000   g_pfnVectors
00000001   __TI_args_main
00000200   __STACK_SIZE
0000026d   GPIOPadConfigSet
0000039d   SysCtlClockSet
0000048d   __aeabi_memcpy
0000048d   __aeabi_memcpy4
0000048d   __aeabi_memcpy8
0000048d   memcpy
00000529   __TI_auto_init
000005bd   initLEDs
000005d9   SystickIntHandler
000005f3   main
00000691   _c_int00
000006d9   copy_in
0000071d   C$$EXIT
00000721   abort
00000729   exit
00000761   IntRegister
00000795   SysCtlPeripheralEnable
000007c9   GPIODirModeSet
000007f5   SysTickIntRegister
00000811   GPIOPinTypeGPIOOutput
00000829   _args_main
00000841   SysTickEnable
00000855   _register_unlock
0000085b   _register_lock
00000863   _nop
00000869   __TI_zero_init
0000087d   SysTickPeriodSet
0000088d   __TI_decompress_none
0000089b   ResetISR
000008a7   GPIOPinWrite
000008ad   SysCtlDelay
000008b3   __TI_decompress_rle24
000008c8   __TI_Handler_Table_Base
000008d4   __TI_Handler_Table_Limit
000008e0   __TI_CINIT_Base
000008f0   __TI_CINIT_Limit
20000000   g_pfnRAMVectors
2000026c   __stack
2000046c   __STACK_END
2000046c   __STACK_TOP
2000046c   _lock
20000470   _unlock
20000474   __TI_cleanup_ptr
20000478   __TI_dtors_ptr
2000047c   main_func_sp
20000480   ui8PinData
ffffffff   __binit__
ffffffff   __c_args__
ffffffff   binit
UNDEFED    SHT$$INIT_ARRAY$$Base
UNDEFED    SHT$$INIT_ARRAY$$Limit

[55 symbols]
