******************************************************************************
                  TI ARM Linker PC v5.1.6                      
******************************************************************************
>> Linked Mon Mar 14 21:59:41 2016

OUTPUT FILE NAME:   <I2C_slave_write.out>
ENTRY POINT SYMBOL: "_c_int00"  address: 0000078d


MEMORY CONFIGURATION

         name            origin    length      used     unused   attr    fill
----------------------  --------  ---------  --------  --------  ----  --------
  FLASH                 00000000   00040000  00000a14  0003f5ec  R  X
  SRAM                  20000000   00008000  00000214  00007dec  RW X


SEGMENT ALLOCATION MAP

run origin  load origin   length   init length attrs members
----------  ----------- ---------- ----------- ----- -------
00000000    00000000    00000a18   00000a18    r-x
  00000000    00000000    0000026c   0000026c    r-- .intvecs
  0000026c    0000026c    000006f0   000006f0    r-x .text
  0000095c    0000095c    00000098   00000098    r-- .const
  000009f8    000009f8    00000020   00000020    r-- .cinit
20000000    20000000    00000214   00000000    rw-
  20000000    20000000    00000200   00000000    rw- .stack
  20000200    20000200    00000014   00000000    rw- .data


SECTION ALLOCATION MAP

 output                                  attributes/
section   page    origin      length       input sections
--------  ----  ----------  ----------   ----------------
.intvecs   0    00000000    0000026c     
                  00000000    0000026c     tm4c123gh6pm_startup_ccs.obj (.intvecs)

.init_array 
*          0    00000000    00000000     UNINITIALIZED

.text      0    0000026c    000006f0     
                  0000026c    00000130     driverlib.lib : gpio.obj (.text:GPIOPadConfigSet)
                  0000039c    000000f0                   : sysctl.obj (.text:SysCtlClockSet)
                  0000048c    000000d8     main.obj (.text)
                  00000564    0000009c     rtsv7M4_T_le_v4SPD16_eabi.lib : memcpy_t2.obj (.text)
                  00000600    00000094                                   : auto_init.obj (.text)
                  00000694    0000005e                                   : copy_decompress_rle.obj (.text)
                  000006f2    00000002     --HOLE-- [fill = 0]
                  000006f4    00000050     driverlib.lib : sysctl.obj (.text:SysCtlPeripheralReset)
                  00000744    00000048                   : gpio.obj (.text:GPIOPinConfigure)
                  0000078c    00000048     rtsv7M4_T_le_v4SPD16_eabi.lib : boot.obj (.text)
                  000007d4    00000044                                   : cpy_tbl.obj (.text)
                  00000818    00000044                                   : exit.obj (.text)
                  0000085c    00000034     driverlib.lib : sysctl.obj (.text:SysCtlPeripheralEnable)
                  00000890    0000002a                   : gpio.obj (.text:GPIODirModeSet)
                  000008ba    00000002     --HOLE-- [fill = 0]
                  000008bc    00000018     rtsv7M4_T_le_v4SPD16_eabi.lib : args_main.obj (.text)
                  000008d4    00000014                                   : _lock.obj (.text)
                  000008e8    00000012     driverlib.lib : gpio.obj (.text:GPIOPinTypeI2C)
                  000008fa    00000012                   : gpio.obj (.text:GPIOPinTypeI2CSCL)
                  0000090c    00000010                   : i2c.obj (.text:I2CSlaveEnable)
                  0000091c    0000000e                   : i2c.obj (.text:I2CSlaveInit)
                  0000092a    0000000e     rtsv7M4_T_le_v4SPD16_eabi.lib : copy_decompress_none.obj (.text:decompress:none)
                  00000938    0000000c     tm4c123gh6pm_startup_ccs.obj (.text)
                  00000944    00000006     driverlib.lib : i2c.obj (.text:I2CSlaveDataPut)
                  0000094a    00000006                   : i2c.obj (.text:I2CSlaveStatus)
                  00000950    00000006                   : sysctl.obj (.text:SysCtlDelay)
                  00000956    00000006     rtsv7M4_T_le_v4SPD16_eabi.lib : copy_decompress_rle.obj (.text:decompress:rle24)

.const     0    0000095c    00000098     
                  0000095c    00000090     driverlib.lib : gpio.obj (.const:g_pui32GPIOBaseAddrs)
                  000009ec    00000008     main.obj (.const:.string)

.cinit     0    000009f8    00000020     
                  000009f8    0000000f     (.cinit..data.load) [load image, compression = rle]
                  00000a07    00000001     --HOLE-- [fill = 0]
                  00000a08    00000008     (__TI_handler_table)
                  00000a10    00000008     (__TI_cinit_table)

.stack     0    20000000    00000200     UNINITIALIZED
                  20000000    00000200     --HOLE--

.data      0    20000200    00000014     UNINITIALIZED
                  20000200    00000008     rtsv7M4_T_le_v4SPD16_eabi.lib : _lock.obj (.data)
                  20000208    00000008                                   : exit.obj (.data)
                  20000210    00000004                                   : stkdepth_vars.obj (.data)


LINKER GENERATED COPY TABLES

__TI_cinit_table @ 00000a10 records: 1, size/record: 8, table size: 8
	.data: load addr=000009f8, load size=0000000f bytes, run addr=20000200, run size=00000014 bytes, compression=rle


LINKER GENERATED HANDLER TABLE

__TI_handler_table @ 00000a08 records: 2, size/record: 4, table size: 8
	index: 0, handler: __TI_decompress_rle24
	index: 1, handler: __TI_decompress_none


GLOBAL SYMBOLS: SORTED ALPHABETICALLY BY Name 

address    name
--------   ----
00000819   C$$EXIT
00000891   GPIODirModeSet
0000026d   GPIOPadConfigSet
00000745   GPIOPinConfigure
000008e9   GPIOPinTypeI2C
000008fb   GPIOPinTypeI2CSCL
000004d5   I2CSendString
00000945   I2CSlaveDataPut
0000090d   I2CSlaveEnable
0000091d   I2CSlaveInit
0000094b   I2CSlaveStatus
0000048d   InitSlaveI2C1
00000939   ResetISR
UNDEFED    SHT$$INIT_ARRAY$$Base
UNDEFED    SHT$$INIT_ARRAY$$Limit
0000039d   SysCtlClockSet
00000951   SysCtlDelay
0000085d   SysCtlPeripheralEnable
000006f5   SysCtlPeripheralReset
20000200   __STACK_END
00000200   __STACK_SIZE
20000200   __STACK_TOP
00000a10   __TI_CINIT_Base
00000a18   __TI_CINIT_Limit
00000a08   __TI_Handler_Table_Base
00000a10   __TI_Handler_Table_Limit
00000001   __TI_args_main
00000601   __TI_auto_init
20000208   __TI_cleanup_ptr
0000092b   __TI_decompress_none
00000957   __TI_decompress_rle24
2000020c   __TI_dtors_ptr
00000000   __TI_static_base__
00000565   __aeabi_memcpy
00000565   __aeabi_memcpy4
00000565   __aeabi_memcpy8
ffffffff   __binit__
ffffffff   __c_args__
20000000   __stack
000008bd   _args_main
0000078d   _c_int00
20000200   _lock
000008e3   _nop
000008db   _register_lock
000008d5   _register_unlock
20000204   _unlock
0000081d   abort
ffffffff   binit
000007d5   copy_in
00000825   exit
00000000   g_pfnVectors
00000513   main
20000210   main_func_sp
00000565   memcpy


GLOBAL SYMBOLS: SORTED BY Symbol Address 

address    name
--------   ----
00000000   __TI_static_base__
00000000   g_pfnVectors
00000001   __TI_args_main
00000200   __STACK_SIZE
0000026d   GPIOPadConfigSet
0000039d   SysCtlClockSet
0000048d   InitSlaveI2C1
000004d5   I2CSendString
00000513   main
00000565   __aeabi_memcpy
00000565   __aeabi_memcpy4
00000565   __aeabi_memcpy8
00000565   memcpy
00000601   __TI_auto_init
000006f5   SysCtlPeripheralReset
00000745   GPIOPinConfigure
0000078d   _c_int00
000007d5   copy_in
00000819   C$$EXIT
0000081d   abort
00000825   exit
0000085d   SysCtlPeripheralEnable
00000891   GPIODirModeSet
000008bd   _args_main
000008d5   _register_unlock
000008db   _register_lock
000008e3   _nop
000008e9   GPIOPinTypeI2C
000008fb   GPIOPinTypeI2CSCL
0000090d   I2CSlaveEnable
0000091d   I2CSlaveInit
0000092b   __TI_decompress_none
00000939   ResetISR
00000945   I2CSlaveDataPut
0000094b   I2CSlaveStatus
00000951   SysCtlDelay
00000957   __TI_decompress_rle24
00000a08   __TI_Handler_Table_Base
00000a10   __TI_CINIT_Base
00000a10   __TI_Handler_Table_Limit
00000a18   __TI_CINIT_Limit
20000000   __stack
20000200   __STACK_END
20000200   __STACK_TOP
20000200   _lock
20000204   _unlock
20000208   __TI_cleanup_ptr
2000020c   __TI_dtors_ptr
20000210   main_func_sp
ffffffff   __binit__
ffffffff   __c_args__
ffffffff   binit
UNDEFED    SHT$$INIT_ARRAY$$Base
UNDEFED    SHT$$INIT_ARRAY$$Limit

[54 symbols]
