******************************************************************************
                  TI ARM Linker PC v5.1.6                      
******************************************************************************
>> Linked Wed Mar 16 20:36:24 2016

OUTPUT FILE NAME:   <I2C_slave_write.out>
ENTRY POINT SYMBOL: "_c_int00"  address: 00000ce1


MEMORY CONFIGURATION

         name            origin    length      used     unused   attr    fill
----------------------  --------  ---------  --------  --------  ----  --------
  FLASH                 00000000   00040000  000010d2  0003ef2e  R  X
  SRAM                  20000000   00008000  0000021c  00007de4  RW X


SEGMENT ALLOCATION MAP

run origin  load origin   length   init length attrs members
----------  ----------- ---------- ----------- ----- -------
00000000    00000000    000010d8   000010d8    r-x
  00000000    00000000    0000026c   0000026c    r-- .intvecs
  0000026c    0000026c    00000d80   00000d80    r-x .text
  00000fec    00000fec    000000c6   000000c6    r-- .const
  000010b8    000010b8    00000020   00000020    r-- .cinit
20000000    20000000    0000021c   00000000    rw-
  20000000    20000000    00000200   00000000    rw- .stack
  20000200    20000200    0000001c   00000000    rw- .data


SECTION ALLOCATION MAP

 output                                  attributes/
section   page    origin      length       input sections
--------  ----  ----------  ----------   ----------------
.intvecs   0    00000000    0000026c     
                  00000000    0000026c     tm4c123gh6pm_startup_ccs.obj (.intvecs)

.init_array 
*          0    00000000    00000000     UNINITIALIZED

.text      0    0000026c    00000d80     
                  0000026c    0000049c     uartstdio.obj (.text)
                  00000708    00000190     main.obj (.text)
                  00000898    00000130     driverlib.lib : gpio.obj (.text:GPIOPadConfigSet)
                  000009c8    000000f0                   : sysctl.obj (.text:SysCtlClockSet)
                  00000ab8    0000009c     rtsv7M4_T_le_v4SPD16_eabi.lib : memcpy_t2.obj (.text)
                  00000b54    00000094                                   : auto_init.obj (.text)
                  00000be8    0000005e                                   : copy_decompress_rle.obj (.text)
                  00000c46    00000002     --HOLE-- [fill = 0]
                  00000c48    00000050     driverlib.lib : sysctl.obj (.text:SysCtlPeripheralReset)
                  00000c98    00000048                   : gpio.obj (.text:GPIOPinConfigure)
                  00000ce0    00000048     rtsv7M4_T_le_v4SPD16_eabi.lib : boot.obj (.text)
                  00000d28    00000044                                   : cpy_tbl.obj (.text)
                  00000d6c    00000044                                   : exit.obj (.text)
                  00000db0    00000042     driverlib.lib : uart.obj (.text:UARTConfigSetExpClk)
                  00000df2    00000042     rtsv7M4_T_le_v4SPD16_eabi.lib : u_divt2.obj (.text)
                  00000e34    00000038     driverlib.lib : sysctl.obj (.text:SysCtlPeripheralPresent)
                  00000e6c    00000034                   : sysctl.obj (.text:SysCtlPeripheralEnable)
                  00000ea0    0000002a                   : gpio.obj (.text:GPIODirModeSet)
                  00000eca    00000002     --HOLE-- [fill = 0]
                  00000ecc    0000001c                   : uart.obj (.text:UARTDisable)
                  00000ee8    00000018     rtsv7M4_T_le_v4SPD16_eabi.lib : args_main.obj (.text)
                  00000f00    00000016     driverlib.lib : i2c.obj (.text:I2CSlaveIntStatus)
                  00000f16    00000014                   : uart.obj (.text:UARTEnable)
                  00000f2a    00000002     --HOLE-- [fill = 0]
                  00000f2c    00000014     rtsv7M4_T_le_v4SPD16_eabi.lib : _lock.obj (.text)
                  00000f40    00000012     driverlib.lib : gpio.obj (.text:GPIOPinTypeI2C)
                  00000f52    00000012                   : gpio.obj (.text:GPIOPinTypeI2CSCL)
                  00000f64    00000012                   : gpio.obj (.text:GPIOPinTypeUART)
                  00000f76    00000010                   : i2c.obj (.text:I2CSlaveEnable)
                  00000f86    0000000e                   : i2c.obj (.text:I2CSlaveInit)
                  00000f94    0000000e     rtsv7M4_T_le_v4SPD16_eabi.lib : copy_decompress_none.obj (.text:decompress:none)
                  00000fa2    0000000c     tm4c123gh6pm_startup_ccs.obj (.text)
                  00000fae    0000000a     driverlib.lib : uart.obj (.text:UARTCharGet)
                  00000fb8    0000000a                   : uart.obj (.text:UARTCharPut)
                  00000fc2    00000006                   : i2c.obj (.text:I2CSlaveDataGet)
                  00000fc8    00000006                   : i2c.obj (.text:I2CSlaveDataPut)
                  00000fce    00000006                   : i2c.obj (.text:I2CSlaveIntClearEx)
                  00000fd4    00000006                   : i2c.obj (.text:I2CSlaveStatus)
                  00000fda    00000006                   : sysctl.obj (.text:SysCtlDelay)
                  00000fe0    00000006                   : uart.obj (.text:UARTClockSourceSet)
                  00000fe6    00000006     rtsv7M4_T_le_v4SPD16_eabi.lib : copy_decompress_rle.obj (.text:decompress:rle24)

.const     0    00000fec    000000c6     
                  00000fec    00000090     driverlib.lib : gpio.obj (.const:g_pui32GPIOBaseAddrs)
                  0000107c    0000001c     uartstdio.obj (.const)
                  00001098    00000012     uartstdio.obj (.const:.string)
                  000010aa    00000008     main.obj (.const:.string)

.cinit     0    000010b8    00000020     
                  000010b8    0000000f     (.cinit..data.load) [load image, compression = rle]
                  000010c7    00000001     --HOLE-- [fill = 0]
                  000010c8    00000008     (__TI_handler_table)
                  000010d0    00000008     (__TI_cinit_table)

.stack     0    20000000    00000200     UNINITIALIZED
                  20000000    00000200     --HOLE--

.data      0    20000200    0000001c     UNINITIALIZED
                  20000200    00000008     rtsv7M4_T_le_v4SPD16_eabi.lib : _lock.obj (.data)
                  20000208    00000008                                   : exit.obj (.data)
                  20000210    00000005     uartstdio.obj (.data)
                  20000215    00000003     --HOLE--
                  20000218    00000004     rtsv7M4_T_le_v4SPD16_eabi.lib : stkdepth_vars.obj (.data)


LINKER GENERATED COPY TABLES

__TI_cinit_table @ 000010d0 records: 1, size/record: 8, table size: 8
	.data: load addr=000010b8, load size=0000000f bytes, run addr=20000200, run size=0000001c bytes, compression=rle


LINKER GENERATED HANDLER TABLE

__TI_handler_table @ 000010c8 records: 2, size/record: 4, table size: 8
	index: 0, handler: __TI_decompress_rle24
	index: 1, handler: __TI_decompress_none


GLOBAL SYMBOLS: SORTED ALPHABETICALLY BY Name 

address    name
--------   ----
00000d6d   C$$EXIT
0000078f   ConfigureUART
00000ea1   GPIODirModeSet
00000899   GPIOPadConfigSet
00000c99   GPIOPinConfigure
00000f41   GPIOPinTypeI2C
00000f53   GPIOPinTypeI2CSCL
00000f65   GPIOPinTypeUART
000007cb   I2C1SlaveIntHandler
00000751   I2CSendString
00000fc3   I2CSlaveDataGet
00000fc9   I2CSlaveDataPut
00000f77   I2CSlaveEnable
00000f87   I2CSlaveInit
00000fcf   I2CSlaveIntClearEx
00000f01   I2CSlaveIntStatus
00000fd5   I2CSlaveStatus
00000709   InitSlaveI2C1
00000fa3   ResetISR
UNDEFED    SHT$$INIT_ARRAY$$Base
UNDEFED    SHT$$INIT_ARRAY$$Limit
000009c9   SysCtlClockSet
00000fdb   SysCtlDelay
00000e6d   SysCtlPeripheralEnable
00000e35   SysCtlPeripheralPresent
00000c49   SysCtlPeripheralReset
00000faf   UARTCharGet
00000fb9   UARTCharPut
00000fe1   UARTClockSourceSet
00000db1   UARTConfigSetExpClk
00000ecd   UARTDisable
00000f17   UARTEnable
0000026d   UARTStdioConfig
000003b3   UARTgetc
000002f9   UARTgets
000006d3   UARTprintf
000003d9   UARTvprintf
000002b3   UARTwrite
20000200   __STACK_END
00000200   __STACK_SIZE
20000200   __STACK_TOP
000010d0   __TI_CINIT_Base
000010d8   __TI_CINIT_Limit
000010c8   __TI_Handler_Table_Base
000010d0   __TI_Handler_Table_Limit
00000001   __TI_args_main
00000b55   __TI_auto_init
20000208   __TI_cleanup_ptr
00000f95   __TI_decompress_none
00000fe7   __TI_decompress_rle24
2000020c   __TI_dtors_ptr
00000000   __TI_static_base__
00000ab9   __aeabi_memcpy
00000ab9   __aeabi_memcpy4
00000ab9   __aeabi_memcpy8
00000df3   __aeabi_uidivmod
ffffffff   __binit__
ffffffff   __c_args__
20000000   __stack
00000ee9   _args_main
00000ce1   _c_int00
20000200   _lock
00000f3b   _nop
00000f33   _register_lock
00000f2d   _register_unlock
20000204   _unlock
00000d71   abort
ffffffff   binit
00000d29   copy_in
00000d79   exit
00000000   g_pfnVectors
000007ed   main
20000218   main_func_sp
00000ab9   memcpy


GLOBAL SYMBOLS: SORTED BY Symbol Address 

address    name
--------   ----
00000000   __TI_static_base__
00000000   g_pfnVectors
00000001   __TI_args_main
00000200   __STACK_SIZE
0000026d   UARTStdioConfig
000002b3   UARTwrite
000002f9   UARTgets
000003b3   UARTgetc
000003d9   UARTvprintf
000006d3   UARTprintf
00000709   InitSlaveI2C1
00000751   I2CSendString
0000078f   ConfigureUART
000007cb   I2C1SlaveIntHandler
000007ed   main
00000899   GPIOPadConfigSet
000009c9   SysCtlClockSet
00000ab9   __aeabi_memcpy
00000ab9   __aeabi_memcpy4
00000ab9   __aeabi_memcpy8
00000ab9   memcpy
00000b55   __TI_auto_init
00000c49   SysCtlPeripheralReset
00000c99   GPIOPinConfigure
00000ce1   _c_int00
00000d29   copy_in
00000d6d   C$$EXIT
00000d71   abort
00000d79   exit
00000db1   UARTConfigSetExpClk
00000df3   __aeabi_uidivmod
00000e35   SysCtlPeripheralPresent
00000e6d   SysCtlPeripheralEnable
00000ea1   GPIODirModeSet
00000ecd   UARTDisable
00000ee9   _args_main
00000f01   I2CSlaveIntStatus
00000f17   UARTEnable
00000f2d   _register_unlock
00000f33   _register_lock
00000f3b   _nop
00000f41   GPIOPinTypeI2C
00000f53   GPIOPinTypeI2CSCL
00000f65   GPIOPinTypeUART
00000f77   I2CSlaveEnable
00000f87   I2CSlaveInit
00000f95   __TI_decompress_none
00000fa3   ResetISR
00000faf   UARTCharGet
00000fb9   UARTCharPut
00000fc3   I2CSlaveDataGet
00000fc9   I2CSlaveDataPut
00000fcf   I2CSlaveIntClearEx
00000fd5   I2CSlaveStatus
00000fdb   SysCtlDelay
00000fe1   UARTClockSourceSet
00000fe7   __TI_decompress_rle24
000010c8   __TI_Handler_Table_Base
000010d0   __TI_CINIT_Base
000010d0   __TI_Handler_Table_Limit
000010d8   __TI_CINIT_Limit
20000000   __stack
20000200   __STACK_END
20000200   __STACK_TOP
20000200   _lock
20000204   _unlock
20000208   __TI_cleanup_ptr
2000020c   __TI_dtors_ptr
20000218   main_func_sp
ffffffff   __binit__
ffffffff   __c_args__
ffffffff   binit
UNDEFED    SHT$$INIT_ARRAY$$Base
UNDEFED    SHT$$INIT_ARRAY$$Limit

[74 symbols]
