******************************************************************************
                  TI ARM Linker PC v5.1.6                      
******************************************************************************
>> Linked Mon Feb 01 22:48:38 2016

OUTPUT FILE NAME:   <memory_functions.out>
ENTRY POINT SYMBOL: "_c_int00"  address: 00000899


MEMORY CONFIGURATION

         name            origin    length      used     unused   attr    fill
----------------------  --------  ---------  --------  --------  ----  --------
  FLASH                 00000000   00040000  00000b7c  0003f484  R  X
  SRAM                  20000000   00008000  00000214  00007dec  RW X


SEGMENT ALLOCATION MAP

run origin  load origin   length   init length attrs members
----------  ----------- ---------- ----------- ----- -------
00000000    00000000    00000b80   00000b80    r-x
  00000000    00000000    0000026c   0000026c    r-- .intvecs
  0000026c    0000026c    000008f0   000008f0    r-x .text
  00000b60    00000b60    00000020   00000020    r-- .cinit
20000000    20000000    00000214   00000000    rw-
  20000000    20000000    00000200   00000000    rw- .stack
  20000200    20000200    00000014   00000000    rw- .data


SECTION ALLOCATION MAP

 output                                  attributes/
section   page    origin      length       input sections
--------  ----  ----------  ----------   ----------------
.intvecs   0    00000000    0000026c     
                  00000000    0000026c     tm4c123gh6pm_startup_ccs.obj (.intvecs)

.init_array 
*          0    00000000    00000000     UNINITIALIZED

.text      0    0000026c    000008f0     
                  0000026c    00000130     driverlib.lib : gpio.obj (.text:GPIOPadConfigSet)
                  0000039c    000000f0                   : sysctl.obj (.text:SysCtlClockSet)
                  0000048c    000000c4                   : eeprom.obj (.text:EEPROMProgram)
                  00000550    000000b0     main.obj (.text)
                  00000600    0000009c     rtsv7M4_T_le_v4SPD16_eabi.lib : memcpy_t2.obj (.text)
                  0000069c    00000094                                   : auto_init.obj (.text)
                  00000730    00000064     driverlib.lib : flash.obj (.text:FlashProgram)
                  00000794    0000005e     rtsv7M4_T_le_v4SPD16_eabi.lib : copy_decompress_rle.obj (.text)
                  000007f2    00000002     --HOLE-- [fill = 0]
                  000007f4    00000054     driverlib.lib : eeprom.obj (.text:EEPROMMassErase)
                  00000848    00000050                   : sysctl.obj (.text:SysCtlPeripheralReset)
                  00000898    00000048     rtsv7M4_T_le_v4SPD16_eabi.lib : boot.obj (.text)
                  000008e0    00000044                                   : cpy_tbl.obj (.text)
                  00000924    00000044                                   : exit.obj (.text)
                  00000968    00000040     driverlib.lib : eeprom.obj (.text:EEPROMInit)
                  000009a8    0000003c                   : eeprom.obj (.text:_EEPROMSectorMaskSet)
                  000009e4    00000034                   : eeprom.obj (.text:EEPROMRead)
                  00000a18    00000034                   : sysctl.obj (.text:SysCtlPeripheralEnable)
                  00000a4c    00000034                   : eeprom.obj (.text:_EEPROMSectorMaskClear)
                  00000a80    00000030                   : flash.obj (.text:FlashErase)
                  00000ab0    0000002a                   : gpio.obj (.text:GPIODirModeSet)
                  00000ada    00000018                   : gpio.obj (.text:GPIOPinTypeGPIOOutput)
                  00000af2    00000002     --HOLE-- [fill = 0]
                  00000af4    00000018     rtsv7M4_T_le_v4SPD16_eabi.lib : args_main.obj (.text)
                  00000b0c    00000014                                   : _lock.obj (.text)
                  00000b20    00000010     driverlib.lib : eeprom.obj (.text:_EEPROMWaitForDone)
                  00000b30    0000000e     rtsv7M4_T_le_v4SPD16_eabi.lib : copy_decompress_none.obj (.text:decompress:none)
                  00000b3e    0000000c     tm4c123gh6pm_startup_ccs.obj (.text)
                  00000b4a    00000006     driverlib.lib : gpio.obj (.text:GPIOPinWrite)
                  00000b50    00000006                   : sysctl.obj (.text:SysCtlDelay)
                  00000b56    00000006     rtsv7M4_T_le_v4SPD16_eabi.lib : copy_decompress_rle.obj (.text:decompress:rle24)

.cinit     0    00000b60    00000020     
                  00000b60    0000000f     (.cinit..data.load) [load image, compression = rle]
                  00000b6f    00000001     --HOLE-- [fill = 0]
                  00000b70    00000008     (__TI_handler_table)
                  00000b78    00000008     (__TI_cinit_table)

.stack     0    20000000    00000200     UNINITIALIZED
                  20000000    00000200     --HOLE--

.data      0    20000200    00000014     UNINITIALIZED
                  20000200    00000008     rtsv7M4_T_le_v4SPD16_eabi.lib : _lock.obj (.data)
                  20000208    00000008                                   : exit.obj (.data)
                  20000210    00000004                                   : stkdepth_vars.obj (.data)


LINKER GENERATED COPY TABLES

__TI_cinit_table @ 00000b78 records: 1, size/record: 8, table size: 8
	.data: load addr=00000b60, load size=0000000f bytes, run addr=20000200, run size=00000014 bytes, compression=rle


LINKER GENERATED HANDLER TABLE

__TI_handler_table @ 00000b70 records: 2, size/record: 4, table size: 8
	index: 0, handler: __TI_decompress_rle24
	index: 1, handler: __TI_decompress_none


GLOBAL SYMBOLS: SORTED ALPHABETICALLY BY Name 

address    name
--------   ----
00000925   C$$EXIT
00000969   EEPROMInit
000007f5   EEPROMMassErase
0000048d   EEPROMProgram
000009e5   EEPROMRead
00000a81   FlashErase
00000731   FlashProgram
00000ab1   GPIODirModeSet
0000026d   GPIOPadConfigSet
00000adb   GPIOPinTypeGPIOOutput
00000b4b   GPIOPinWrite
00000b3f   ResetISR
UNDEFED    SHT$$INIT_ARRAY$$Base
UNDEFED    SHT$$INIT_ARRAY$$Limit
0000039d   SysCtlClockSet
00000b51   SysCtlDelay
00000a19   SysCtlPeripheralEnable
00000849   SysCtlPeripheralReset
20000200   __STACK_END
00000200   __STACK_SIZE
20000200   __STACK_TOP
00000b78   __TI_CINIT_Base
00000b80   __TI_CINIT_Limit
00000b70   __TI_Handler_Table_Base
00000b78   __TI_Handler_Table_Limit
00000001   __TI_args_main
0000069d   __TI_auto_init
20000208   __TI_cleanup_ptr
00000b31   __TI_decompress_none
00000b57   __TI_decompress_rle24
2000020c   __TI_dtors_ptr
00000000   __TI_static_base__
00000601   __aeabi_memcpy
00000601   __aeabi_memcpy4
00000601   __aeabi_memcpy8
ffffffff   __binit__
ffffffff   __c_args__
20000000   __stack
00000af5   _args_main
00000899   _c_int00
20000200   _lock
00000b1b   _nop
00000b13   _register_lock
00000b0d   _register_unlock
20000204   _unlock
00000929   abort
ffffffff   binit
000008e1   copy_in
00000931   exit
00000000   g_pfnVectors
00000551   main
20000210   main_func_sp
00000601   memcpy


GLOBAL SYMBOLS: SORTED BY Symbol Address 

address    name
--------   ----
00000000   __TI_static_base__
00000000   g_pfnVectors
00000001   __TI_args_main
00000200   __STACK_SIZE
0000026d   GPIOPadConfigSet
0000039d   SysCtlClockSet
0000048d   EEPROMProgram
00000551   main
00000601   __aeabi_memcpy
00000601   __aeabi_memcpy4
00000601   __aeabi_memcpy8
00000601   memcpy
0000069d   __TI_auto_init
00000731   FlashProgram
000007f5   EEPROMMassErase
00000849   SysCtlPeripheralReset
00000899   _c_int00
000008e1   copy_in
00000925   C$$EXIT
00000929   abort
00000931   exit
00000969   EEPROMInit
000009e5   EEPROMRead
00000a19   SysCtlPeripheralEnable
00000a81   FlashErase
00000ab1   GPIODirModeSet
00000adb   GPIOPinTypeGPIOOutput
00000af5   _args_main
00000b0d   _register_unlock
00000b13   _register_lock
00000b1b   _nop
00000b31   __TI_decompress_none
00000b3f   ResetISR
00000b4b   GPIOPinWrite
00000b51   SysCtlDelay
00000b57   __TI_decompress_rle24
00000b70   __TI_Handler_Table_Base
00000b78   __TI_CINIT_Base
00000b78   __TI_Handler_Table_Limit
00000b80   __TI_CINIT_Limit
20000000   __stack
20000200   __STACK_END
20000200   __STACK_TOP
20000200   _lock
20000204   _unlock
20000208   __TI_cleanup_ptr
2000020c   __TI_dtors_ptr
20000210   main_func_sp
ffffffff   __binit__
ffffffff   __c_args__
ffffffff   binit
UNDEFED    SHT$$INIT_ARRAY$$Base
UNDEFED    SHT$$INIT_ARRAY$$Limit

[53 symbols]
