******************************************************************************
                  TI ARM Linker PC v5.1.6                      
******************************************************************************
>> Linked Mon Mar 14 21:50:31 2016

OUTPUT FILE NAME:   <UART1_module.out>
ENTRY POINT SYMBOL: "_c_int00"  address: 00000d35


MEMORY CONFIGURATION

         name            origin    length      used     unused   attr    fill
----------------------  --------  ---------  --------  --------  ----  --------
  FLASH                 00000000   00040000  0000116c  0003ee94  R  X
  SRAM                  20000000   00008000  0000021c  00007de4  RW X


SEGMENT ALLOCATION MAP

run origin  load origin   length   init length attrs members
----------  ----------- ---------- ----------- ----- -------
00000000    00000000    00001170   00001170    r-x
  00000000    00000000    0000026c   0000026c    r-- .intvecs
  0000026c    0000026c    00000db2   00000db2    r-x .text
  00001020    00001020    0000012e   0000012e    r-- .const
  00001150    00001150    00000020   00000020    r-- .cinit
20000000    20000000    0000021c   00000000    rw-
  20000000    20000000    00000200   00000000    rw- .stack
  20000200    20000200    0000001c   00000000    rw- .data


SECTION ALLOCATION MAP

 output                                  attributes/
section   page    origin      length       input sections
--------  ----  ----------  ----------   ----------------
.intvecs   0    00000000    0000026c     
                  00000000    0000026c     tm4c123gh6pm_startup_ccs.obj (.intvecs)

.init_array 
*          0    00000000    00000000     UNINITIALIZED

.text      0    0000026c    00000db2     
                  0000026c    0000049c     uartstdio.obj (.text)
                  00000708    000001cc     main.obj (.text)
                  000008d4    00000130     driverlib.lib : gpio.obj (.text:GPIOPadConfigSet)
                  00000a04    000000f0                   : sysctl.obj (.text:SysCtlClockSet)
                  00000af4    0000009c     rtsv7M4_T_le_v4SPD16_eabi.lib : memcpy_t2.obj (.text)
                  00000b90    00000094                                   : auto_init.obj (.text)
                  00000c24    00000068     driverlib.lib : interrupt.obj (.text:IntEnable)
                  00000c8c    0000005e     rtsv7M4_T_le_v4SPD16_eabi.lib : copy_decompress_rle.obj (.text)
                  00000cea    00000002     --HOLE-- [fill = 0]
                  00000cec    00000048     driverlib.lib : gpio.obj (.text:GPIOPinConfigure)
                  00000d34    00000048     rtsv7M4_T_le_v4SPD16_eabi.lib : boot.obj (.text)
                  00000d7c    00000044                                   : cpy_tbl.obj (.text)
                  00000dc0    00000044                                   : exit.obj (.text)
                  00000e04    00000042     driverlib.lib : uart.obj (.text:UARTConfigSetExpClk)
                  00000e46    00000042     rtsv7M4_T_le_v4SPD16_eabi.lib : u_divt2.obj (.text)
                  00000e88    00000038     driverlib.lib : sysctl.obj (.text:SysCtlPeripheralPresent)
                  00000ec0    00000034                   : sysctl.obj (.text:SysCtlPeripheralEnable)
                  00000ef4    0000002a                   : gpio.obj (.text:GPIODirModeSet)
                  00000f1e    00000002     --HOLE-- [fill = 0]
                  00000f20    0000001c                   : uart.obj (.text:UARTDisable)
                  00000f3c    00000018                   : gpio.obj (.text:GPIOPinTypeGPIOOutput)
                  00000f54    00000018     rtsv7M4_T_le_v4SPD16_eabi.lib : args_main.obj (.text)
                  00000f6c    00000014     driverlib.lib : uart.obj (.text:UARTEnable)
                  00000f80    00000014     rtsv7M4_T_le_v4SPD16_eabi.lib : _lock.obj (.text)
                  00000f94    00000012     driverlib.lib : gpio.obj (.text:GPIOPinTypeUART)
                  00000fa6    00000010                   : interrupt.obj (.text:IntMasterEnable)
                  00000fb6    0000000e     rtsv7M4_T_le_v4SPD16_eabi.lib : copy_decompress_none.obj (.text:decompress:none)
                  00000fc4    0000000c     driverlib.lib : cpu.obj (.text:CPUcpsie)
                  00000fd0    0000000c     tm4c123gh6pm_startup_ccs.obj (.text)
                  00000fdc    0000000a     driverlib.lib : uart.obj (.text:UARTCharGet)
                  00000fe6    0000000a                   : uart.obj (.text:UARTCharPut)
                  00000ff0    0000000a                   : uart.obj (.text:UARTIntStatus)
                  00000ffa    00000008                   : uart.obj (.text:UARTIntEnable)
                  00001002    00000006                   : gpio.obj (.text:GPIOPinWrite)
                  00001008    00000006                   : sysctl.obj (.text:SysCtlDelay)
                  0000100e    00000006                   : uart.obj (.text:UARTClockSourceSet)
                  00001014    00000006     rtsv7M4_T_le_v4SPD16_eabi.lib : copy_decompress_rle.obj (.text:decompress:rle24)
                  0000101a    00000004     driverlib.lib : uart.obj (.text:UARTIntClear)

.const     0    00001020    0000012e     
                  00001020    00000090     driverlib.lib : gpio.obj (.const:g_pui32GPIOBaseAddrs)
                  000010b0    00000070                   : interrupt.obj (.const)
                  00001120    0000001c     uartstdio.obj (.const)
                  0000113c    00000012     uartstdio.obj (.const:.string)

.cinit     0    00001150    00000020     
                  00001150    0000000f     (.cinit..data.load) [load image, compression = rle]
                  0000115f    00000001     --HOLE-- [fill = 0]
                  00001160    00000008     (__TI_handler_table)
                  00001168    00000008     (__TI_cinit_table)

.stack     0    20000000    00000200     UNINITIALIZED
                  20000000    00000200     --HOLE--

.data      0    20000200    0000001c     UNINITIALIZED
                  20000200    00000008     rtsv7M4_T_le_v4SPD16_eabi.lib : _lock.obj (.data)
                  20000208    00000008                                   : exit.obj (.data)
                  20000210    00000005     uartstdio.obj (.data)
                  20000215    00000003     --HOLE--
                  20000218    00000004     rtsv7M4_T_le_v4SPD16_eabi.lib : stkdepth_vars.obj (.data)


LINKER GENERATED COPY TABLES

__TI_cinit_table @ 00001168 records: 1, size/record: 8, table size: 8
	.data: load addr=00001150, load size=0000000f bytes, run addr=20000200, run size=0000001c bytes, compression=rle


LINKER GENERATED HANDLER TABLE

__TI_handler_table @ 00001160 records: 2, size/record: 4, table size: 8
	index: 0, handler: __TI_decompress_rle24
	index: 1, handler: __TI_decompress_none


GLOBAL SYMBOLS: SORTED ALPHABETICALLY BY Name 

address    name
--------   ----
00000dc1   C$$EXIT
00000fc5   CPUcpsie
00000ef5   GPIODirModeSet
000008d5   GPIOPadConfigSet
00000ced   GPIOPinConfigure
00000f3d   GPIOPinTypeGPIOOutput
00000f95   GPIOPinTypeUART
00001003   GPIOPinWrite
00000c25   IntEnable
00000fa7   IntMasterEnable
00000fd1   ResetISR
UNDEFED    SHT$$INIT_ARRAY$$Base
UNDEFED    SHT$$INIT_ARRAY$$Limit
00000a05   SysCtlClockSet
00001009   SysCtlDelay
00000ec1   SysCtlPeripheralEnable
00000e89   SysCtlPeripheralPresent
00000fdd   UARTCharGet
00000fe7   UARTCharPut
0000100f   UARTClockSourceSet
00000e05   UARTConfigSetExpClk
00000f21   UARTDisable
00000f6d   UARTEnable
0000101b   UARTIntClear
00000ffb   UARTIntEnable
00000709   UARTIntHandler
00000ff1   UARTIntStatus
0000026d   UARTStdioConfig
000003b3   UARTgetc
000002f9   UARTgets
000006d3   UARTprintf
000003d9   UARTvprintf
000002b3   UARTwrite
20000200   __STACK_END
00000200   __STACK_SIZE
20000200   __STACK_TOP
00001168   __TI_CINIT_Base
00001170   __TI_CINIT_Limit
00001160   __TI_Handler_Table_Base
00001168   __TI_Handler_Table_Limit
00000001   __TI_args_main
00000b91   __TI_auto_init
20000208   __TI_cleanup_ptr
00000fb7   __TI_decompress_none
00001015   __TI_decompress_rle24
2000020c   __TI_dtors_ptr
00000000   __TI_static_base__
00000af5   __aeabi_memcpy
00000af5   __aeabi_memcpy4
00000af5   __aeabi_memcpy8
00000e47   __aeabi_uidivmod
ffffffff   __binit__
ffffffff   __c_args__
20000000   __stack
00000f55   _args_main
00000d35   _c_int00
20000200   _lock
00000f8f   _nop
00000f87   _register_lock
00000f81   _register_unlock
20000204   _unlock
00000dc5   abort
ffffffff   binit
00000d7d   copy_in
00000dcd   exit
00000000   g_pfnVectors
00000781   main
20000218   main_func_sp
00000af5   memcpy


GLOBAL SYMBOLS: SORTED BY Symbol Address 

address    name
--------   ----
00000000   __TI_static_base__
00000000   g_pfnVectors
00000001   __TI_args_main
00000200   __STACK_SIZE
0000026d   UARTStdioConfig
000002b3   UARTwrite
000002f9   UARTgets
000003b3   UARTgetc
000003d9   UARTvprintf
000006d3   UARTprintf
00000709   UARTIntHandler
00000781   main
000008d5   GPIOPadConfigSet
00000a05   SysCtlClockSet
00000af5   __aeabi_memcpy
00000af5   __aeabi_memcpy4
00000af5   __aeabi_memcpy8
00000af5   memcpy
00000b91   __TI_auto_init
00000c25   IntEnable
00000ced   GPIOPinConfigure
00000d35   _c_int00
00000d7d   copy_in
00000dc1   C$$EXIT
00000dc5   abort
00000dcd   exit
00000e05   UARTConfigSetExpClk
00000e47   __aeabi_uidivmod
00000e89   SysCtlPeripheralPresent
00000ec1   SysCtlPeripheralEnable
00000ef5   GPIODirModeSet
00000f21   UARTDisable
00000f3d   GPIOPinTypeGPIOOutput
00000f55   _args_main
00000f6d   UARTEnable
00000f81   _register_unlock
00000f87   _register_lock
00000f8f   _nop
00000f95   GPIOPinTypeUART
00000fa7   IntMasterEnable
00000fb7   __TI_decompress_none
00000fc5   CPUcpsie
00000fd1   ResetISR
00000fdd   UARTCharGet
00000fe7   UARTCharPut
00000ff1   UARTIntStatus
00000ffb   UARTIntEnable
00001003   GPIOPinWrite
00001009   SysCtlDelay
0000100f   UARTClockSourceSet
00001015   __TI_decompress_rle24
0000101b   UARTIntClear
00001160   __TI_Handler_Table_Base
00001168   __TI_CINIT_Base
00001168   __TI_Handler_Table_Limit
00001170   __TI_CINIT_Limit
20000000   __stack
20000200   __STACK_END
20000200   __STACK_TOP
20000200   _lock
20000204   _unlock
20000208   __TI_cleanup_ptr
2000020c   __TI_dtors_ptr
20000218   main_func_sp
ffffffff   __binit__
ffffffff   __c_args__
ffffffff   binit
UNDEFED    SHT$$INIT_ARRAY$$Base
UNDEFED    SHT$$INIT_ARRAY$$Limit

[69 symbols]
