******************************************************************************
                  TI ARM Linker PC v5.1.6                      
******************************************************************************
>> Linked Thu Feb 11 20:54:51 2016

OUTPUT FILE NAME:   <traffic_light_pedestrians.out>
ENTRY POINT SYMBOL: "_c_int00"  address: 00000831


MEMORY CONFIGURATION

         name            origin    length      used     unused   attr    fill
----------------------  --------  ---------  --------  --------  ----  --------
  FLASH                 00000000   00040000  00000a58  0003f5a8  R  X
  SRAM                  20000000   00008000  00000214  00007dec  RW X


SEGMENT ALLOCATION MAP

run origin  load origin   length   init length attrs members
----------  ----------- ---------- ----------- ----- -------
00000000    00000000    00000a58   00000a58    r-x
  00000000    00000000    0000026c   0000026c    r-- .intvecs
  0000026c    0000026c    0000077c   0000077c    r-x .text
  000009e8    000009e8    00000050   00000050    r-- .const
  00000a38    00000a38    00000020   00000020    r-- .cinit
20000000    20000000    00000214   00000000    rw-
  20000000    20000000    00000200   00000000    rw- .stack
  20000200    20000200    00000014   00000000    rw- .data


SECTION ALLOCATION MAP

 output                                  attributes/
section   page    origin      length       input sections
--------  ----  ----------  ----------   ----------------
.intvecs   0    00000000    0000026c     
                  00000000    0000026c     tm4c123gh6pm_startup_ccs.obj (.intvecs)

.init_array 
*          0    00000000    00000000     UNINITIALIZED

.text      0    0000026c    0000077c     
                  0000026c    00000214     main.obj (.text)
                  00000480    00000130     driverlib.lib : gpio.obj (.text:GPIOPadConfigSet)
                  000005b0    000000f0                   : sysctl.obj (.text:SysCtlClockSet)
                  000006a0    0000009c     rtsv7M4_T_le_v4SPD16_eabi.lib : memcpy_t2.obj (.text)
                  0000073c    00000094                                   : auto_init.obj (.text)
                  000007d0    0000005e                                   : copy_decompress_rle.obj (.text)
                  0000082e    00000002     --HOLE-- [fill = 0]
                  00000830    00000048                                   : boot.obj (.text)
                  00000878    00000044                                   : cpy_tbl.obj (.text)
                  000008bc    00000044                                   : exit.obj (.text)
                  00000900    00000034     driverlib.lib : sysctl.obj (.text:SysCtlPeripheralEnable)
                  00000934    0000002a                   : gpio.obj (.text:GPIODirModeSet)
                  0000095e    00000018                   : gpio.obj (.text:GPIOPinTypeGPIOOutput)
                  00000976    00000002     --HOLE-- [fill = 0]
                  00000978    00000018     rtsv7M4_T_le_v4SPD16_eabi.lib : args_main.obj (.text)
                  00000990    00000014                                   : _lock.obj (.text)
                  000009a4    00000012     driverlib.lib : gpio.obj (.text:GPIOPinTypeGPIOInput)
                  000009b6    0000000e     rtsv7M4_T_le_v4SPD16_eabi.lib : copy_decompress_none.obj (.text:decompress:none)
                  000009c4    0000000c     tm4c123gh6pm_startup_ccs.obj (.text)
                  000009d0    00000006     driverlib.lib : gpio.obj (.text:GPIOPinRead)
                  000009d6    00000006                   : gpio.obj (.text:GPIOPinWrite)
                  000009dc    00000006                   : sysctl.obj (.text:SysCtlDelay)
                  000009e2    00000006     rtsv7M4_T_le_v4SPD16_eabi.lib : copy_decompress_rle.obj (.text:decompress:rle24)

.const     0    000009e8    00000050     
                  000009e8    00000050     main.obj (.const:$P$T0$1)

.cinit     0    00000a38    00000020     
                  00000a38    0000000f     (.cinit..data.load) [load image, compression = rle]
                  00000a47    00000001     --HOLE-- [fill = 0]
                  00000a48    00000008     (__TI_handler_table)
                  00000a50    00000008     (__TI_cinit_table)

.stack     0    20000000    00000200     UNINITIALIZED
                  20000000    00000200     --HOLE--

.data      0    20000200    00000014     UNINITIALIZED
                  20000200    00000008     rtsv7M4_T_le_v4SPD16_eabi.lib : _lock.obj (.data)
                  20000208    00000008                                   : exit.obj (.data)
                  20000210    00000004                                   : stkdepth_vars.obj (.data)


LINKER GENERATED COPY TABLES

__TI_cinit_table @ 00000a50 records: 1, size/record: 8, table size: 8
	.data: load addr=00000a38, load size=0000000f bytes, run addr=20000200, run size=00000014 bytes, compression=rle


LINKER GENERATED HANDLER TABLE

__TI_handler_table @ 00000a48 records: 2, size/record: 4, table size: 8
	index: 0, handler: __TI_decompress_rle24
	index: 1, handler: __TI_decompress_none


GLOBAL SYMBOLS: SORTED ALPHABETICALLY BY Name 

address    name
--------   ----
000008bd   C$$EXIT
00000935   GPIODirModeSet
00000481   GPIOPadConfigSet
000009d1   GPIOPinRead
000009a5   GPIOPinTypeGPIOInput
0000095f   GPIOPinTypeGPIOOutput
000009d7   GPIOPinWrite
000009c5   ResetISR
UNDEFED    SHT$$INIT_ARRAY$$Base
UNDEFED    SHT$$INIT_ARRAY$$Limit
000005b1   SysCtlClockSet
000009dd   SysCtlDelay
00000901   SysCtlPeripheralEnable
20000200   __STACK_END
00000200   __STACK_SIZE
20000200   __STACK_TOP
00000a50   __TI_CINIT_Base
00000a58   __TI_CINIT_Limit
00000a48   __TI_Handler_Table_Base
00000a50   __TI_Handler_Table_Limit
00000001   __TI_args_main
0000073d   __TI_auto_init
20000208   __TI_cleanup_ptr
000009b7   __TI_decompress_none
000009e3   __TI_decompress_rle24
2000020c   __TI_dtors_ptr
00000000   __TI_static_base__
000006a1   __aeabi_memcpy
000006a1   __aeabi_memcpy4
000006a1   __aeabi_memcpy8
ffffffff   __binit__
ffffffff   __c_args__
20000000   __stack
00000979   _args_main
00000831   _c_int00
20000200   _lock
0000099f   _nop
00000997   _register_lock
00000991   _register_unlock
20000204   _unlock
000008c1   abort
ffffffff   binit
00000879   copy_in
000008c9   exit
00000000   g_pfnVectors
0000026d   main
20000210   main_func_sp
000006a1   memcpy


GLOBAL SYMBOLS: SORTED BY Symbol Address 

address    name
--------   ----
00000000   __TI_static_base__
00000000   g_pfnVectors
00000001   __TI_args_main
00000200   __STACK_SIZE
0000026d   main
00000481   GPIOPadConfigSet
000005b1   SysCtlClockSet
000006a1   __aeabi_memcpy
000006a1   __aeabi_memcpy4
000006a1   __aeabi_memcpy8
000006a1   memcpy
0000073d   __TI_auto_init
00000831   _c_int00
00000879   copy_in
000008bd   C$$EXIT
000008c1   abort
000008c9   exit
00000901   SysCtlPeripheralEnable
00000935   GPIODirModeSet
0000095f   GPIOPinTypeGPIOOutput
00000979   _args_main
00000991   _register_unlock
00000997   _register_lock
0000099f   _nop
000009a5   GPIOPinTypeGPIOInput
000009b7   __TI_decompress_none
000009c5   ResetISR
000009d1   GPIOPinRead
000009d7   GPIOPinWrite
000009dd   SysCtlDelay
000009e3   __TI_decompress_rle24
00000a48   __TI_Handler_Table_Base
00000a50   __TI_CINIT_Base
00000a50   __TI_Handler_Table_Limit
00000a58   __TI_CINIT_Limit
20000000   __stack
20000200   __STACK_END
20000200   __STACK_TOP
20000200   _lock
20000204   _unlock
20000208   __TI_cleanup_ptr
2000020c   __TI_dtors_ptr
20000210   main_func_sp
ffffffff   __binit__
ffffffff   __c_args__
ffffffff   binit
UNDEFED    SHT$$INIT_ARRAY$$Base
UNDEFED    SHT$$INIT_ARRAY$$Limit

[48 symbols]
