******************************************************************************
                  TI ARM Linker PC v5.1.6                      
******************************************************************************
>> Linked Fri Feb 26 18:02:28 2016

OUTPUT FILE NAME:   <bluetooth_module.out>
ENTRY POINT SYMBOL: "_c_int00"  address: 00000c81


MEMORY CONFIGURATION

         name            origin    length      used     unused   attr    fill
----------------------  --------  ---------  --------  --------  ----  --------
  FLASH                 00000000   00040000  000010b8  0003ef48  R  X
  SRAM                  20000000   00008000  0000021c  00007de4  RW X


SEGMENT ALLOCATION MAP

run origin  load origin   length   init length attrs members
----------  ----------- ---------- ----------- ----- -------
00000000    00000000    000010c0   000010c0    r-x
  00000000    00000000    0000026c   0000026c    r-- .intvecs
  0000026c    0000026c    00000cfe   00000cfe    r-x .text
  00000f6c    00000f6c    0000012e   0000012e    r-- .const
  000010a0    000010a0    00000020   00000020    r-- .cinit
20000000    20000000    0000021c   00000000    rw-
  20000000    20000000    00000200   00000000    rw- .stack
  20000200    20000200    0000001c   00000000    rw- .data


SECTION ALLOCATION MAP

 output                                  attributes/
section   page    origin      length       input sections
--------  ----  ----------  ----------   ----------------
.intvecs   0    00000000    0000026c     
                  00000000    0000026c     tm4c123gh6pm_startup_ccs.obj (.intvecs)

.init_array 
*          0    00000000    00000000     UNINITIALIZED

.text      0    0000026c    00000cfe     
                  0000026c    0000049c     uartstdio.obj (.text)
                  00000708    00000130     driverlib.lib : gpio.obj (.text:GPIOPadConfigSet)
                  00000838    00000118     main.obj (.text)
                  00000950    000000f0     driverlib.lib : sysctl.obj (.text:SysCtlClockSet)
                  00000a40    0000009c     rtsv7M4_T_le_v4SPD16_eabi.lib : memcpy_t2.obj (.text)
                  00000adc    00000094                                   : auto_init.obj (.text)
                  00000b70    00000068     driverlib.lib : interrupt.obj (.text:IntEnable)
                  00000bd8    0000005e     rtsv7M4_T_le_v4SPD16_eabi.lib : copy_decompress_rle.obj (.text)
                  00000c36    00000002     --HOLE-- [fill = 0]
                  00000c38    00000048     driverlib.lib : gpio.obj (.text:GPIOPinConfigure)
                  00000c80    00000048     rtsv7M4_T_le_v4SPD16_eabi.lib : boot.obj (.text)
                  00000cc8    00000044                                   : cpy_tbl.obj (.text)
                  00000d0c    00000044                                   : exit.obj (.text)
                  00000d50    00000042     driverlib.lib : uart.obj (.text:UARTConfigSetExpClk)
                  00000d92    00000042     rtsv7M4_T_le_v4SPD16_eabi.lib : u_divt2.obj (.text)
                  00000dd4    00000038     driverlib.lib : sysctl.obj (.text:SysCtlPeripheralPresent)
                  00000e0c    00000034                   : sysctl.obj (.text:SysCtlPeripheralEnable)
                  00000e40    0000002a                   : gpio.obj (.text:GPIODirModeSet)
                  00000e6a    00000002     --HOLE-- [fill = 0]
                  00000e6c    0000001c                   : uart.obj (.text:UARTDisable)
                  00000e88    00000018                   : gpio.obj (.text:GPIOPinTypeGPIOOutput)
                  00000ea0    00000018     rtsv7M4_T_le_v4SPD16_eabi.lib : args_main.obj (.text)
                  00000eb8    00000014     driverlib.lib : uart.obj (.text:UARTEnable)
                  00000ecc    00000014     rtsv7M4_T_le_v4SPD16_eabi.lib : _lock.obj (.text)
                  00000ee0    00000012     driverlib.lib : gpio.obj (.text:GPIOPinTypeUART)
                  00000ef2    00000010                   : interrupt.obj (.text:IntMasterEnable)
                  00000f02    0000000e     rtsv7M4_T_le_v4SPD16_eabi.lib : copy_decompress_none.obj (.text:decompress:none)
                  00000f10    0000000c     driverlib.lib : cpu.obj (.text:CPUcpsie)
                  00000f1c    0000000c     tm4c123gh6pm_startup_ccs.obj (.text)
                  00000f28    0000000a     driverlib.lib : uart.obj (.text:UARTCharGet)
                  00000f32    0000000a                   : uart.obj (.text:UARTCharPut)
                  00000f3c    0000000a                   : uart.obj (.text:UARTIntStatus)
                  00000f46    00000008                   : uart.obj (.text:UARTIntEnable)
                  00000f4e    00000006                   : gpio.obj (.text:GPIOPinWrite)
                  00000f54    00000006                   : sysctl.obj (.text:SysCtlDelay)
                  00000f5a    00000006                   : uart.obj (.text:UARTClockSourceSet)
                  00000f60    00000006     rtsv7M4_T_le_v4SPD16_eabi.lib : copy_decompress_rle.obj (.text:decompress:rle24)
                  00000f66    00000004     driverlib.lib : uart.obj (.text:UARTIntClear)

.const     0    00000f6c    0000012e     
                  00000f6c    00000090     driverlib.lib : gpio.obj (.const:g_pui32GPIOBaseAddrs)
                  00000ffc    00000070                   : interrupt.obj (.const)
                  0000106c    0000001c     uartstdio.obj (.const)
                  00001088    00000012     uartstdio.obj (.const:.string)

.cinit     0    000010a0    00000020     
                  000010a0    0000000f     (.cinit..data.load) [load image, compression = rle]
                  000010af    00000001     --HOLE-- [fill = 0]
                  000010b0    00000008     (__TI_handler_table)
                  000010b8    00000008     (__TI_cinit_table)

.stack     0    20000000    00000200     UNINITIALIZED
                  20000000    00000200     --HOLE--

.data      0    20000200    0000001c     UNINITIALIZED
                  20000200    00000008     rtsv7M4_T_le_v4SPD16_eabi.lib : _lock.obj (.data)
                  20000208    00000008                                   : exit.obj (.data)
                  20000210    00000005     uartstdio.obj (.data)
                  20000215    00000003     --HOLE--
                  20000218    00000004     rtsv7M4_T_le_v4SPD16_eabi.lib : stkdepth_vars.obj (.data)


LINKER GENERATED COPY TABLES

__TI_cinit_table @ 000010b8 records: 1, size/record: 8, table size: 8
	.data: load addr=000010a0, load size=0000000f bytes, run addr=20000200, run size=0000001c bytes, compression=rle


LINKER GENERATED HANDLER TABLE

__TI_handler_table @ 000010b0 records: 2, size/record: 4, table size: 8
	index: 0, handler: __TI_decompress_rle24
	index: 1, handler: __TI_decompress_none


GLOBAL SYMBOLS: SORTED ALPHABETICALLY BY Name 

address    name
--------   ----
00000d0d   C$$EXIT
00000f11   CPUcpsie
00000e41   GPIODirModeSet
00000709   GPIOPadConfigSet
00000c39   GPIOPinConfigure
00000e89   GPIOPinTypeGPIOOutput
00000ee1   GPIOPinTypeUART
00000f4f   GPIOPinWrite
00000b71   IntEnable
00000ef3   IntMasterEnable
00000f1d   ResetISR
UNDEFED    SHT$$INIT_ARRAY$$Base
UNDEFED    SHT$$INIT_ARRAY$$Limit
00000951   SysCtlClockSet
00000f55   SysCtlDelay
00000e0d   SysCtlPeripheralEnable
00000dd5   SysCtlPeripheralPresent
00000f29   UARTCharGet
00000f33   UARTCharPut
00000f5b   UARTClockSourceSet
00000d51   UARTConfigSetExpClk
00000e6d   UARTDisable
00000eb9   UARTEnable
00000f67   UARTIntClear
00000f47   UARTIntEnable
00000839   UARTIntHandler
00000f3d   UARTIntStatus
0000026d   UARTStdioConfig
000003b3   UARTgetc
000002f9   UARTgets
000006d3   UARTprintf
000003d9   UARTvprintf
000002b3   UARTwrite
20000200   __STACK_END
00000200   __STACK_SIZE
20000200   __STACK_TOP
000010b8   __TI_CINIT_Base
000010c0   __TI_CINIT_Limit
000010b0   __TI_Handler_Table_Base
000010b8   __TI_Handler_Table_Limit
00000001   __TI_args_main
00000add   __TI_auto_init
20000208   __TI_cleanup_ptr
00000f03   __TI_decompress_none
00000f61   __TI_decompress_rle24
2000020c   __TI_dtors_ptr
00000000   __TI_static_base__
00000a41   __aeabi_memcpy
00000a41   __aeabi_memcpy4
00000a41   __aeabi_memcpy8
00000d93   __aeabi_uidivmod
ffffffff   __binit__
ffffffff   __c_args__
20000000   __stack
00000ea1   _args_main
00000c81   _c_int00
20000200   _lock
00000edb   _nop
00000ed3   _register_lock
00000ecd   _register_unlock
20000204   _unlock
00000d11   abort
ffffffff   binit
00000cc9   copy_in
00000d19   exit
00000000   g_pfnVectors
0000086b   main
20000218   main_func_sp
00000a41   memcpy


GLOBAL SYMBOLS: SORTED BY Symbol Address 

address    name
--------   ----
00000000   __TI_static_base__
00000000   g_pfnVectors
00000001   __TI_args_main
00000200   __STACK_SIZE
0000026d   UARTStdioConfig
000002b3   UARTwrite
000002f9   UARTgets
000003b3   UARTgetc
000003d9   UARTvprintf
000006d3   UARTprintf
00000709   GPIOPadConfigSet
00000839   UARTIntHandler
0000086b   main
00000951   SysCtlClockSet
00000a41   __aeabi_memcpy
00000a41   __aeabi_memcpy4
00000a41   __aeabi_memcpy8
00000a41   memcpy
00000add   __TI_auto_init
00000b71   IntEnable
00000c39   GPIOPinConfigure
00000c81   _c_int00
00000cc9   copy_in
00000d0d   C$$EXIT
00000d11   abort
00000d19   exit
00000d51   UARTConfigSetExpClk
00000d93   __aeabi_uidivmod
00000dd5   SysCtlPeripheralPresent
00000e0d   SysCtlPeripheralEnable
00000e41   GPIODirModeSet
00000e6d   UARTDisable
00000e89   GPIOPinTypeGPIOOutput
00000ea1   _args_main
00000eb9   UARTEnable
00000ecd   _register_unlock
00000ed3   _register_lock
00000edb   _nop
00000ee1   GPIOPinTypeUART
00000ef3   IntMasterEnable
00000f03   __TI_decompress_none
00000f11   CPUcpsie
00000f1d   ResetISR
00000f29   UARTCharGet
00000f33   UARTCharPut
00000f3d   UARTIntStatus
00000f47   UARTIntEnable
00000f4f   GPIOPinWrite
00000f55   SysCtlDelay
00000f5b   UARTClockSourceSet
00000f61   __TI_decompress_rle24
00000f67   UARTIntClear
000010b0   __TI_Handler_Table_Base
000010b8   __TI_CINIT_Base
000010b8   __TI_Handler_Table_Limit
000010c0   __TI_CINIT_Limit
20000000   __stack
20000200   __STACK_END
20000200   __STACK_TOP
20000200   _lock
20000204   _unlock
20000208   __TI_cleanup_ptr
2000020c   __TI_dtors_ptr
20000218   main_func_sp
ffffffff   __binit__
ffffffff   __c_args__
ffffffff   binit
UNDEFED    SHT$$INIT_ARRAY$$Base
UNDEFED    SHT$$INIT_ARRAY$$Limit

[69 symbols]
