******************************************************************************
                  TI ARM Linker PC v5.1.6                      
******************************************************************************
>> Linked Fri Feb 26 18:46:26 2016

OUTPUT FILE NAME:   <bt_weather_station.out>
ENTRY POINT SYMBOL: "_c_int00"  address: 00000c69


MEMORY CONFIGURATION

         name            origin    length      used     unused   attr    fill
----------------------  --------  ---------  --------  --------  ----  --------
  FLASH                 00000000   00040000  000010ae  0003ef52  R  X
  SRAM                  20000000   00008000  0000021c  00007de4  RW X


SEGMENT ALLOCATION MAP

run origin  load origin   length   init length attrs members
----------  ----------- ---------- ----------- ----- -------
00000000    00000000    000010b0   000010b0    r-x
  00000000    00000000    0000026c   0000026c    r-- .intvecs
  0000026c    0000026c    00000cf4   00000cf4    r-x .text
  00000f60    00000f60    0000012e   0000012e    r-- .const
  00001090    00001090    00000020   00000020    r-- .cinit
20000000    20000000    0000021c   00000000    rw-
  20000000    20000000    00000200   00000000    rw- .stack
  20000200    20000200    0000001c   00000000    rw- .data


SECTION ALLOCATION MAP

 output                                  attributes/
section   page    origin      length       input sections
--------  ----  ----------  ----------   ----------------
.intvecs   0    00000000    0000026c     
                  00000000    0000026c     tm4c123gh6pm_startup_ccs.obj (.intvecs)

.init_array 
*          0    00000000    00000000     UNINITIALIZED

.text      0    0000026c    00000cf4     
                  0000026c    0000049c     uartstdio.obj (.text)
                  00000708    00000130     driverlib.lib : gpio.obj (.text:GPIOPadConfigSet)
                  00000838    00000100     main.obj (.text)
                  00000938    000000f0     driverlib.lib : sysctl.obj (.text:SysCtlClockSet)
                  00000a28    0000009c     rtsv7M4_T_le_v4SPD16_eabi.lib : memcpy_t2.obj (.text)
                  00000ac4    00000094                                   : auto_init.obj (.text)
                  00000b58    00000068     driverlib.lib : interrupt.obj (.text:IntEnable)
                  00000bc0    0000005e     rtsv7M4_T_le_v4SPD16_eabi.lib : copy_decompress_rle.obj (.text)
                  00000c1e    00000002     --HOLE-- [fill = 0]
                  00000c20    00000048     driverlib.lib : gpio.obj (.text:GPIOPinConfigure)
                  00000c68    00000048     rtsv7M4_T_le_v4SPD16_eabi.lib : boot.obj (.text)
                  00000cb0    00000044                                   : cpy_tbl.obj (.text)
                  00000cf4    00000044                                   : exit.obj (.text)
                  00000d38    00000042     driverlib.lib : uart.obj (.text:UARTConfigSetExpClk)
                  00000d7a    00000042     rtsv7M4_T_le_v4SPD16_eabi.lib : u_divt2.obj (.text)
                  00000dbc    00000038     driverlib.lib : sysctl.obj (.text:SysCtlPeripheralPresent)
                  00000df4    00000034                   : sysctl.obj (.text:SysCtlPeripheralEnable)
                  00000e28    0000002a                   : gpio.obj (.text:GPIODirModeSet)
                  00000e52    00000002     --HOLE-- [fill = 0]
                  00000e54    0000001c                   : uart.obj (.text:UARTDisable)
                  00000e70    00000018                   : gpio.obj (.text:GPIOPinTypeGPIOOutput)
                  00000e88    00000018     rtsv7M4_T_le_v4SPD16_eabi.lib : args_main.obj (.text)
                  00000ea0    00000014     driverlib.lib : uart.obj (.text:UARTEnable)
                  00000eb4    00000014     rtsv7M4_T_le_v4SPD16_eabi.lib : _lock.obj (.text)
                  00000ec8    00000012     driverlib.lib : gpio.obj (.text:GPIOPinTypeUART)
                  00000eda    00000010                   : interrupt.obj (.text:IntMasterEnable)
                  00000eea    0000000e                   : uart.obj (.text:UARTCharPutNonBlocking)
                  00000ef8    0000000e     rtsv7M4_T_le_v4SPD16_eabi.lib : copy_decompress_none.obj (.text:decompress:none)
                  00000f06    0000000c     driverlib.lib : cpu.obj (.text:CPUcpsie)
                  00000f12    0000000c     tm4c123gh6pm_startup_ccs.obj (.text)
                  00000f1e    0000000a     driverlib.lib : uart.obj (.text:UARTCharGet)
                  00000f28    0000000a                   : uart.obj (.text:UARTCharPut)
                  00000f32    0000000a                   : uart.obj (.text:UARTIntStatus)
                  00000f3c    00000008                   : uart.obj (.text:UARTIntEnable)
                  00000f44    00000006                   : gpio.obj (.text:GPIOPinWrite)
                  00000f4a    00000006                   : sysctl.obj (.text:SysCtlDelay)
                  00000f50    00000006                   : uart.obj (.text:UARTClockSourceSet)
                  00000f56    00000006     rtsv7M4_T_le_v4SPD16_eabi.lib : copy_decompress_rle.obj (.text:decompress:rle24)
                  00000f5c    00000004     driverlib.lib : uart.obj (.text:UARTIntClear)

.const     0    00000f60    0000012e     
                  00000f60    00000090     driverlib.lib : gpio.obj (.const:g_pui32GPIOBaseAddrs)
                  00000ff0    00000070                   : interrupt.obj (.const)
                  00001060    0000001c     uartstdio.obj (.const)
                  0000107c    00000012     uartstdio.obj (.const:.string)

.cinit     0    00001090    00000020     
                  00001090    0000000f     (.cinit..data.load) [load image, compression = rle]
                  0000109f    00000001     --HOLE-- [fill = 0]
                  000010a0    00000008     (__TI_handler_table)
                  000010a8    00000008     (__TI_cinit_table)

.stack     0    20000000    00000200     UNINITIALIZED
                  20000000    00000200     --HOLE--

.data      0    20000200    0000001c     UNINITIALIZED
                  20000200    00000008     rtsv7M4_T_le_v4SPD16_eabi.lib : _lock.obj (.data)
                  20000208    00000008                                   : exit.obj (.data)
                  20000210    00000005     uartstdio.obj (.data)
                  20000215    00000003     --HOLE--
                  20000218    00000004     rtsv7M4_T_le_v4SPD16_eabi.lib : stkdepth_vars.obj (.data)


LINKER GENERATED COPY TABLES

__TI_cinit_table @ 000010a8 records: 1, size/record: 8, table size: 8
	.data: load addr=00001090, load size=0000000f bytes, run addr=20000200, run size=0000001c bytes, compression=rle


LINKER GENERATED HANDLER TABLE

__TI_handler_table @ 000010a0 records: 2, size/record: 4, table size: 8
	index: 0, handler: __TI_decompress_rle24
	index: 1, handler: __TI_decompress_none


GLOBAL SYMBOLS: SORTED ALPHABETICALLY BY Name 

address    name
--------   ----
00000cf5   C$$EXIT
00000f07   CPUcpsie
00000e29   GPIODirModeSet
00000709   GPIOPadConfigSet
00000c21   GPIOPinConfigure
00000e71   GPIOPinTypeGPIOOutput
00000ec9   GPIOPinTypeUART
00000f45   GPIOPinWrite
00000b59   IntEnable
00000edb   IntMasterEnable
00000f13   ResetISR
UNDEFED    SHT$$INIT_ARRAY$$Base
UNDEFED    SHT$$INIT_ARRAY$$Limit
00000939   SysCtlClockSet
00000f4b   SysCtlDelay
00000df5   SysCtlPeripheralEnable
00000dbd   SysCtlPeripheralPresent
00000f1f   UARTCharGet
00000f29   UARTCharPut
00000eeb   UARTCharPutNonBlocking
00000f51   UARTClockSourceSet
00000d39   UARTConfigSetExpClk
00000e55   UARTDisable
00000ea1   UARTEnable
00000f5d   UARTIntClear
00000f3d   UARTIntEnable
00000839   UARTIntHandler
00000f33   UARTIntStatus
0000026d   UARTStdioConfig
000003b3   UARTgetc
000002f9   UARTgets
000006d3   UARTprintf
000003d9   UARTvprintf
000002b3   UARTwrite
20000200   __STACK_END
00000200   __STACK_SIZE
20000200   __STACK_TOP
000010a8   __TI_CINIT_Base
000010b0   __TI_CINIT_Limit
000010a0   __TI_Handler_Table_Base
000010a8   __TI_Handler_Table_Limit
00000001   __TI_args_main
00000ac5   __TI_auto_init
20000208   __TI_cleanup_ptr
00000ef9   __TI_decompress_none
00000f57   __TI_decompress_rle24
2000020c   __TI_dtors_ptr
00000000   __TI_static_base__
00000a29   __aeabi_memcpy
00000a29   __aeabi_memcpy4
00000a29   __aeabi_memcpy8
00000d7b   __aeabi_uidivmod
ffffffff   __binit__
ffffffff   __c_args__
20000000   __stack
00000e89   _args_main
00000c69   _c_int00
20000200   _lock
00000ec3   _nop
00000ebb   _register_lock
00000eb5   _register_unlock
20000204   _unlock
00000cf9   abort
ffffffff   binit
00000cb1   copy_in
00000d01   exit
00000000   g_pfnVectors
0000089f   main
20000218   main_func_sp
00000a29   memcpy


GLOBAL SYMBOLS: SORTED BY Symbol Address 

address    name
--------   ----
00000000   __TI_static_base__
00000000   g_pfnVectors
00000001   __TI_args_main
00000200   __STACK_SIZE
0000026d   UARTStdioConfig
000002b3   UARTwrite
000002f9   UARTgets
000003b3   UARTgetc
000003d9   UARTvprintf
000006d3   UARTprintf
00000709   GPIOPadConfigSet
00000839   UARTIntHandler
0000089f   main
00000939   SysCtlClockSet
00000a29   __aeabi_memcpy
00000a29   __aeabi_memcpy4
00000a29   __aeabi_memcpy8
00000a29   memcpy
00000ac5   __TI_auto_init
00000b59   IntEnable
00000c21   GPIOPinConfigure
00000c69   _c_int00
00000cb1   copy_in
00000cf5   C$$EXIT
00000cf9   abort
00000d01   exit
00000d39   UARTConfigSetExpClk
00000d7b   __aeabi_uidivmod
00000dbd   SysCtlPeripheralPresent
00000df5   SysCtlPeripheralEnable
00000e29   GPIODirModeSet
00000e55   UARTDisable
00000e71   GPIOPinTypeGPIOOutput
00000e89   _args_main
00000ea1   UARTEnable
00000eb5   _register_unlock
00000ebb   _register_lock
00000ec3   _nop
00000ec9   GPIOPinTypeUART
00000edb   IntMasterEnable
00000eeb   UARTCharPutNonBlocking
00000ef9   __TI_decompress_none
00000f07   CPUcpsie
00000f13   ResetISR
00000f1f   UARTCharGet
00000f29   UARTCharPut
00000f33   UARTIntStatus
00000f3d   UARTIntEnable
00000f45   GPIOPinWrite
00000f4b   SysCtlDelay
00000f51   UARTClockSourceSet
00000f57   __TI_decompress_rle24
00000f5d   UARTIntClear
000010a0   __TI_Handler_Table_Base
000010a8   __TI_CINIT_Base
000010a8   __TI_Handler_Table_Limit
000010b0   __TI_CINIT_Limit
20000000   __stack
20000200   __STACK_END
20000200   __STACK_TOP
20000200   _lock
20000204   _unlock
20000208   __TI_cleanup_ptr
2000020c   __TI_dtors_ptr
20000218   main_func_sp
ffffffff   __binit__
ffffffff   __c_args__
ffffffff   binit
UNDEFED    SHT$$INIT_ARRAY$$Base
UNDEFED    SHT$$INIT_ARRAY$$Limit

[70 symbols]
