******************************************************************************
                  TI ARM Linker PC v5.1.6                      
******************************************************************************
>> Linked Mon Mar 14 21:21:39 2016

OUTPUT FILE NAME:   <IOlogic.out>
ENTRY POINT SYMBOL: "_c_int00"  address: 0000078d


MEMORY CONFIGURATION

         name            origin    length      used     unused   attr    fill
----------------------  --------  ---------  --------  --------  ----  --------
  FLASH                 00000000   00040000  00000956  0003f6aa  R  X
  SRAM                  20000000   00008000  00000217  00007de9  RW X


SEGMENT ALLOCATION MAP

run origin  load origin   length   init length attrs members
----------  ----------- ---------- ----------- ----- -------
00000000    00000000    0000095c   0000095c    r-x
  00000000    00000000    0000026c   0000026c    r-- .intvecs
  0000026c    0000026c    000006c6   000006c6    r-x .text
  00000938    00000938    00000024   00000024    r-- .cinit
20000000    20000000    00000217   00000000    rw-
  20000000    20000000    00000200   00000000    rw- .stack
  20000200    20000200    00000017   00000000    rw- .data


SECTION ALLOCATION MAP

 output                                  attributes/
section   page    origin      length       input sections
--------  ----  ----------  ----------   ----------------
.intvecs   0    00000000    0000026c     
                  00000000    0000026c     tm4c123gh6pm_startup_ccs.obj (.intvecs)

.init_array 
*          0    00000000    00000000     UNINITIALIZED

.text      0    0000026c    000006c6     
                  0000026c    00000130     driverlib.lib : gpio.obj (.text:GPIOPadConfigSet)
                  0000039c    0000010c     buttons.obj (.text)
                  000004a8    000000f0     driverlib.lib : sysctl.obj (.text:SysCtlClockSet)
                  00000598    0000009c     rtsv7M4_T_le_v4SPD16_eabi.lib : memcpy_t2.obj (.text)
                  00000634    00000094                                   : auto_init.obj (.text)
                  000006c8    00000064     main.obj (.text)
                  0000072c    0000005e     rtsv7M4_T_le_v4SPD16_eabi.lib : copy_decompress_rle.obj (.text)
                  0000078a    00000002     --HOLE-- [fill = 0]
                  0000078c    00000048                                   : boot.obj (.text)
                  000007d4    00000044                                   : cpy_tbl.obj (.text)
                  00000818    00000044                                   : exit.obj (.text)
                  0000085c    00000034     driverlib.lib : sysctl.obj (.text:SysCtlPeripheralEnable)
                  00000890    0000002a                   : gpio.obj (.text:GPIODirModeSet)
                  000008ba    00000018                   : gpio.obj (.text:GPIOPinTypeGPIOOutput)
                  000008d2    00000002     --HOLE-- [fill = 0]
                  000008d4    00000018     rtsv7M4_T_le_v4SPD16_eabi.lib : args_main.obj (.text)
                  000008ec    00000014                                   : _lock.obj (.text)
                  00000900    0000000e                                   : copy_decompress_none.obj (.text:decompress:none)
                  0000090e    0000000c     tm4c123gh6pm_startup_ccs.obj (.text)
                  0000091a    00000006     driverlib.lib : gpio.obj (.text:GPIOPinRead)
                  00000920    00000006                   : gpio.obj (.text:GPIOPinWrite)
                  00000926    00000006                   : sysctl.obj (.text:SysCtlDelay)
                  0000092c    00000006     rtsv7M4_T_le_v4SPD16_eabi.lib : copy_decompress_rle.obj (.text:decompress:rle24)

.cinit     0    00000938    00000024     
                  00000938    00000012     (.cinit..data.load) [load image, compression = rle]
                  0000094a    00000002     --HOLE-- [fill = 0]
                  0000094c    00000008     (__TI_handler_table)
                  00000954    00000008     (__TI_cinit_table)

.stack     0    20000000    00000200     UNINITIALIZED
                  20000000    00000200     --HOLE--

.data      0    20000200    00000017     UNINITIALIZED
                  20000200    00000008     rtsv7M4_T_le_v4SPD16_eabi.lib : _lock.obj (.data)
                  20000208    00000008                                   : exit.obj (.data)
                  20000210    00000004                                   : stkdepth_vars.obj (.data)
                  20000214    00000003     buttons.obj (.data)


LINKER GENERATED COPY TABLES

__TI_cinit_table @ 00000954 records: 1, size/record: 8, table size: 8
	.data: load addr=00000938, load size=00000012 bytes, run addr=20000200, run size=00000017 bytes, compression=rle


LINKER GENERATED HANDLER TABLE

__TI_handler_table @ 0000094c records: 2, size/record: 4, table size: 8
	index: 0, handler: __TI_decompress_rle24
	index: 1, handler: __TI_decompress_none


GLOBAL SYMBOLS: SORTED ALPHABETICALLY BY Name 

address    name
--------   ----
0000043d   ButtonsInit
0000039d   ButtonsPoll
00000819   C$$EXIT
00000891   GPIODirModeSet
0000026d   GPIOPadConfigSet
0000091b   GPIOPinRead
000008bb   GPIOPinTypeGPIOOutput
00000921   GPIOPinWrite
0000090f   ResetISR
UNDEFED    SHT$$INIT_ARRAY$$Base
UNDEFED    SHT$$INIT_ARRAY$$Limit
000004a9   SysCtlClockSet
00000927   SysCtlDelay
0000085d   SysCtlPeripheralEnable
20000200   __STACK_END
00000200   __STACK_SIZE
20000200   __STACK_TOP
00000954   __TI_CINIT_Base
0000095c   __TI_CINIT_Limit
0000094c   __TI_Handler_Table_Base
00000954   __TI_Handler_Table_Limit
00000001   __TI_args_main
00000635   __TI_auto_init
20000208   __TI_cleanup_ptr
00000901   __TI_decompress_none
0000092d   __TI_decompress_rle24
2000020c   __TI_dtors_ptr
00000000   __TI_static_base__
00000599   __aeabi_memcpy
00000599   __aeabi_memcpy4
00000599   __aeabi_memcpy8
ffffffff   __binit__
ffffffff   __c_args__
20000000   __stack
000008d5   _args_main
0000078d   _c_int00
20000200   _lock
000008fb   _nop
000008f3   _register_lock
000008ed   _register_unlock
20000204   _unlock
0000081d   abort
ffffffff   binit
000007d5   copy_in
00000825   exit
00000000   g_pfnVectors
000006c9   main
20000210   main_func_sp
00000599   memcpy


GLOBAL SYMBOLS: SORTED BY Symbol Address 

address    name
--------   ----
00000000   __TI_static_base__
00000000   g_pfnVectors
00000001   __TI_args_main
00000200   __STACK_SIZE
0000026d   GPIOPadConfigSet
0000039d   ButtonsPoll
0000043d   ButtonsInit
000004a9   SysCtlClockSet
00000599   __aeabi_memcpy
00000599   __aeabi_memcpy4
00000599   __aeabi_memcpy8
00000599   memcpy
00000635   __TI_auto_init
000006c9   main
0000078d   _c_int00
000007d5   copy_in
00000819   C$$EXIT
0000081d   abort
00000825   exit
0000085d   SysCtlPeripheralEnable
00000891   GPIODirModeSet
000008bb   GPIOPinTypeGPIOOutput
000008d5   _args_main
000008ed   _register_unlock
000008f3   _register_lock
000008fb   _nop
00000901   __TI_decompress_none
0000090f   ResetISR
0000091b   GPIOPinRead
00000921   GPIOPinWrite
00000927   SysCtlDelay
0000092d   __TI_decompress_rle24
0000094c   __TI_Handler_Table_Base
00000954   __TI_CINIT_Base
00000954   __TI_Handler_Table_Limit
0000095c   __TI_CINIT_Limit
20000000   __stack
20000200   __STACK_END
20000200   __STACK_TOP
20000200   _lock
20000204   _unlock
20000208   __TI_cleanup_ptr
2000020c   __TI_dtors_ptr
20000210   main_func_sp
ffffffff   __binit__
ffffffff   __c_args__
ffffffff   binit
UNDEFED    SHT$$INIT_ARRAY$$Base
UNDEFED    SHT$$INIT_ARRAY$$Limit

[49 symbols]
