******************************************************************************
                  TI ARM Linker PC v5.1.6                      
******************************************************************************
>> Linked Tue Feb 16 14:08:49 2016

OUTPUT FILE NAME:   <LCD_LCM1602C_driver.out>
ENTRY POINT SYMBOL: "_c_int00"  address: 0000077d


MEMORY CONFIGURATION

         name            origin    length      used     unused   attr    fill
----------------------  --------  ---------  --------  --------  ----  --------
  FLASH                 00000000   00040000  000009c2  0003f63e  R  X
  SRAM                  20000000   00008000  00000214  00007dec  RW X


SEGMENT ALLOCATION MAP

run origin  load origin   length   init length attrs members
----------  ----------- ---------- ----------- ----- -------
00000000    00000000    000009c8   000009c8    r-x
  00000000    00000000    0000026c   0000026c    r-- .intvecs
  0000026c    0000026c    000006ca   000006ca    r-x .text
  00000938    00000938    0000006c   0000006c    r-- .const
  000009a8    000009a8    00000020   00000020    r-- .cinit
20000000    20000000    00000214   00000000    rw-
  20000000    20000000    00000200   00000000    rw- .stack
  20000200    20000200    00000014   00000000    rw- .data


SECTION ALLOCATION MAP

 output                                  attributes/
section   page    origin      length       input sections
--------  ----  ----------  ----------   ----------------
.intvecs   0    00000000    0000026c     
                  00000000    0000026c     tm4c123gh6pm_startup_ccs.obj (.intvecs)

.init_array 
*          0    00000000    00000000     UNINITIALIZED

.text      0    0000026c    000006ca     
                  0000026c    00000130     driverlib.lib : gpio.obj (.text:GPIOPadConfigSet)
                  0000039c    0000010c                   : sysctl.obj (.text:SysCtlClockGet)
                  000004a8    000000f0                   : sysctl.obj (.text:SysCtlClockSet)
                  00000598    0000009c     rtsv7M4_T_le_v4SPD16_eabi.lib : memcpy_t2.obj (.text)
                  00000634    00000094                                   : auto_init.obj (.text)
                  000006c8    0000005e                                   : copy_decompress_rle.obj (.text)
                  00000726    00000002     --HOLE-- [fill = 0]
                  00000728    00000054     main.obj (.text)
                  0000077c    00000048     rtsv7M4_T_le_v4SPD16_eabi.lib : boot.obj (.text)
                  000007c4    00000044                                   : cpy_tbl.obj (.text)
                  00000808    00000044                                   : exit.obj (.text)
                  0000084c    00000034     driverlib.lib : sysctl.obj (.text:SysCtlPeripheralEnable)
                  00000880    0000002a                   : gpio.obj (.text:GPIODirModeSet)
                  000008aa    00000022                   : lcd.obj (.text:LCDModeSet)
                  000008cc    00000018                   : gpio.obj (.text:GPIOPinTypeGPIOOutput)
                  000008e4    00000018     rtsv7M4_T_le_v4SPD16_eabi.lib : args_main.obj (.text)
                  000008fc    00000014                                   : _lock.obj (.text)
                  00000910    0000000e                                   : copy_decompress_none.obj (.text:decompress:none)
                  0000091e    0000000c     tm4c123gh6pm_startup_ccs.obj (.text)
                  0000092a    00000006     driverlib.lib : sysctl.obj (.text:SysCtlDelay)
                  00000930    00000006     rtsv7M4_T_le_v4SPD16_eabi.lib : copy_decompress_rle.obj (.text:decompress:rle24)

.const     0    00000938    0000006c     
                  00000938    0000006c     driverlib.lib : sysctl.obj (.const:g_pui32Xtals)

.cinit     0    000009a8    00000020     
                  000009a8    0000000f     (.cinit..data.load) [load image, compression = rle]
                  000009b7    00000001     --HOLE-- [fill = 0]
                  000009b8    00000008     (__TI_handler_table)
                  000009c0    00000008     (__TI_cinit_table)

.stack     0    20000000    00000200     UNINITIALIZED
                  20000000    00000200     --HOLE--

.data      0    20000200    00000014     UNINITIALIZED
                  20000200    00000008     rtsv7M4_T_le_v4SPD16_eabi.lib : _lock.obj (.data)
                  20000208    00000008                                   : exit.obj (.data)
                  20000210    00000004                                   : stkdepth_vars.obj (.data)


LINKER GENERATED COPY TABLES

__TI_cinit_table @ 000009c0 records: 1, size/record: 8, table size: 8
	.data: load addr=000009a8, load size=0000000f bytes, run addr=20000200, run size=00000014 bytes, compression=rle


LINKER GENERATED HANDLER TABLE

__TI_handler_table @ 000009b8 records: 2, size/record: 4, table size: 8
	index: 0, handler: __TI_decompress_rle24
	index: 1, handler: __TI_decompress_none


GLOBAL SYMBOLS: SORTED ALPHABETICALLY BY Name 

address    name
--------   ----
00000809   C$$EXIT
00000881   GPIODirModeSet
0000026d   GPIOPadConfigSet
000008cd   GPIOPinTypeGPIOOutput
000008ab   LCDModeSet
0000091f   ResetISR
UNDEFED    SHT$$INIT_ARRAY$$Base
UNDEFED    SHT$$INIT_ARRAY$$Limit
0000039d   SysCtlClockGet
000004a9   SysCtlClockSet
0000092b   SysCtlDelay
0000084d   SysCtlPeripheralEnable
20000200   __STACK_END
00000200   __STACK_SIZE
20000200   __STACK_TOP
000009c0   __TI_CINIT_Base
000009c8   __TI_CINIT_Limit
000009b8   __TI_Handler_Table_Base
000009c0   __TI_Handler_Table_Limit
00000001   __TI_args_main
00000635   __TI_auto_init
20000208   __TI_cleanup_ptr
00000911   __TI_decompress_none
00000931   __TI_decompress_rle24
2000020c   __TI_dtors_ptr
00000000   __TI_static_base__
00000599   __aeabi_memcpy
00000599   __aeabi_memcpy4
00000599   __aeabi_memcpy8
ffffffff   __binit__
ffffffff   __c_args__
20000000   __stack
000008e5   _args_main
0000077d   _c_int00
20000200   _lock
0000090b   _nop
00000903   _register_lock
000008fd   _register_unlock
20000204   _unlock
0000080d   abort
ffffffff   binit
000007c5   copy_in
00000815   exit
00000000   g_pfnVectors
00000729   main
20000210   main_func_sp
00000599   memcpy


GLOBAL SYMBOLS: SORTED BY Symbol Address 

address    name
--------   ----
00000000   __TI_static_base__
00000000   g_pfnVectors
00000001   __TI_args_main
00000200   __STACK_SIZE
0000026d   GPIOPadConfigSet
0000039d   SysCtlClockGet
000004a9   SysCtlClockSet
00000599   __aeabi_memcpy
00000599   __aeabi_memcpy4
00000599   __aeabi_memcpy8
00000599   memcpy
00000635   __TI_auto_init
00000729   main
0000077d   _c_int00
000007c5   copy_in
00000809   C$$EXIT
0000080d   abort
00000815   exit
0000084d   SysCtlPeripheralEnable
00000881   GPIODirModeSet
000008ab   LCDModeSet
000008cd   GPIOPinTypeGPIOOutput
000008e5   _args_main
000008fd   _register_unlock
00000903   _register_lock
0000090b   _nop
00000911   __TI_decompress_none
0000091f   ResetISR
0000092b   SysCtlDelay
00000931   __TI_decompress_rle24
000009b8   __TI_Handler_Table_Base
000009c0   __TI_CINIT_Base
000009c0   __TI_Handler_Table_Limit
000009c8   __TI_CINIT_Limit
20000000   __stack
20000200   __STACK_END
20000200   __STACK_TOP
20000200   _lock
20000204   _unlock
20000208   __TI_cleanup_ptr
2000020c   __TI_dtors_ptr
20000210   main_func_sp
ffffffff   __binit__
ffffffff   __c_args__
ffffffff   binit
UNDEFED    SHT$$INIT_ARRAY$$Base
UNDEFED    SHT$$INIT_ARRAY$$Limit

[47 symbols]
