******************************************************************************
                  TI ARM Linker PC v5.1.6                      
******************************************************************************
>> Linked Thu Feb 18 16:55:59 2016

OUTPUT FILE NAME:   <UART.out>
ENTRY POINT SYMBOL: "_c_int00"  address: 00000839


MEMORY CONFIGURATION

         name            origin    length      used     unused   attr    fill
----------------------  --------  ---------  --------  --------  ----  --------
  FLASH                 00000000   00040000  00000b7c  0003f484  R  X
  SRAM                  20000000   00008000  00000214  00007dec  RW X


SEGMENT ALLOCATION MAP

run origin  load origin   length   init length attrs members
----------  ----------- ---------- ----------- ----- -------
00000000    00000000    00000b80   00000b80    r-x
  00000000    00000000    0000026c   0000026c    r-- .intvecs
  0000026c    0000026c    000007f4   000007f4    r-x .text
  00000a60    00000a60    000000fc   000000fc    r-- .const
  00000b60    00000b60    00000020   00000020    r-- .cinit
20000000    20000000    00000214   00000000    rw-
  20000000    20000000    00000200   00000000    rw- .stack
  20000200    20000200    00000014   00000000    rw- .data


SECTION ALLOCATION MAP

 output                                  attributes/
section   page    origin      length       input sections
--------  ----  ----------  ----------   ----------------
.intvecs   0    00000000    0000026c     
                  00000000    0000026c     tm4c123gh6pm_startup_ccs.obj (.intvecs)

.init_array 
*          0    00000000    00000000     UNINITIALIZED

.text      0    0000026c    000007f4     
                  0000026c    00000130     driverlib.lib : gpio.obj (.text:GPIOPadConfigSet)
                  0000039c    0000010c                   : sysctl.obj (.text:SysCtlClockGet)
                  000004a8    000000f0                   : sysctl.obj (.text:SysCtlClockSet)
                  00000598    000000c8     main.obj (.text)
                  00000660    0000009c     rtsv7M4_T_le_v4SPD16_eabi.lib : memcpy_t2.obj (.text)
                  000006fc    00000094                                   : auto_init.obj (.text)
                  00000790    0000005e                                   : copy_decompress_rle.obj (.text)
                  000007ee    00000002     --HOLE-- [fill = 0]
                  000007f0    00000048     driverlib.lib : gpio.obj (.text:GPIOPinConfigure)
                  00000838    00000048     rtsv7M4_T_le_v4SPD16_eabi.lib : boot.obj (.text)
                  00000880    00000044                                   : cpy_tbl.obj (.text)
                  000008c4    00000044                                   : exit.obj (.text)
                  00000908    00000042     driverlib.lib : uart.obj (.text:UARTConfigSetExpClk)
                  0000094a    00000002     --HOLE-- [fill = 0]
                  0000094c    00000034                   : sysctl.obj (.text:SysCtlPeripheralEnable)
                  00000980    0000002a                   : gpio.obj (.text:GPIODirModeSet)
                  000009aa    00000002     --HOLE-- [fill = 0]
                  000009ac    0000001c                   : uart.obj (.text:UARTDisable)
                  000009c8    00000018     rtsv7M4_T_le_v4SPD16_eabi.lib : args_main.obj (.text)
                  000009e0    00000014     driverlib.lib : uart.obj (.text:UARTEnable)
                  000009f4    00000014     rtsv7M4_T_le_v4SPD16_eabi.lib : _lock.obj (.text)
                  00000a08    00000012     driverlib.lib : gpio.obj (.text:GPIOPinTypeUART)
                  00000a1a    0000000e     rtsv7M4_T_le_v4SPD16_eabi.lib : copy_decompress_none.obj (.text:decompress:none)
                  00000a28    0000000c     driverlib.lib : uart.obj (.text:UARTCharsAvail)
                  00000a34    0000000c     tm4c123gh6pm_startup_ccs.obj (.text)
                  00000a40    0000000a     driverlib.lib : uart.obj (.text:UARTCharGet)
                  00000a4a    0000000a                   : uart.obj (.text:UARTCharPut)
                  00000a54    00000006                   : sysctl.obj (.text:SysCtlDelay)
                  00000a5a    00000006     rtsv7M4_T_le_v4SPD16_eabi.lib : copy_decompress_rle.obj (.text:decompress:rle24)

.const     0    00000a60    000000fc     
                  00000a60    00000090     driverlib.lib : gpio.obj (.const:g_pui32GPIOBaseAddrs)
                  00000af0    0000006c                   : sysctl.obj (.const:g_pui32Xtals)

.cinit     0    00000b60    00000020     
                  00000b60    0000000f     (.cinit..data.load) [load image, compression = rle]
                  00000b6f    00000001     --HOLE-- [fill = 0]
                  00000b70    00000008     (__TI_handler_table)
                  00000b78    00000008     (__TI_cinit_table)

.stack     0    20000000    00000200     UNINITIALIZED
                  20000000    00000200     --HOLE--

.data      0    20000200    00000014     UNINITIALIZED
                  20000200    00000008     rtsv7M4_T_le_v4SPD16_eabi.lib : _lock.obj (.data)
                  20000208    00000008                                   : exit.obj (.data)
                  20000210    00000004                                   : stkdepth_vars.obj (.data)


LINKER GENERATED COPY TABLES

__TI_cinit_table @ 00000b78 records: 1, size/record: 8, table size: 8
	.data: load addr=00000b60, load size=0000000f bytes, run addr=20000200, run size=00000014 bytes, compression=rle


LINKER GENERATED HANDLER TABLE

__TI_handler_table @ 00000b70 records: 2, size/record: 4, table size: 8
	index: 0, handler: __TI_decompress_rle24
	index: 1, handler: __TI_decompress_none


GLOBAL SYMBOLS: SORTED ALPHABETICALLY BY Name 

address    name
--------   ----
000008c5   C$$EXIT
00000981   GPIODirModeSet
0000026d   GPIOPadConfigSet
000007f1   GPIOPinConfigure
00000a09   GPIOPinTypeUART
00000a35   ResetISR
UNDEFED    SHT$$INIT_ARRAY$$Base
UNDEFED    SHT$$INIT_ARRAY$$Limit
0000039d   SysCtlClockGet
000004a9   SysCtlClockSet
00000a55   SysCtlDelay
0000094d   SysCtlPeripheralEnable
00000a41   UARTCharGet
00000a4b   UARTCharPut
00000a29   UARTCharsAvail
00000909   UARTConfigSetExpClk
000009ad   UARTDisable
000009e1   UARTEnable
20000200   __STACK_END
00000200   __STACK_SIZE
20000200   __STACK_TOP
00000b78   __TI_CINIT_Base
00000b80   __TI_CINIT_Limit
00000b70   __TI_Handler_Table_Base
00000b78   __TI_Handler_Table_Limit
00000001   __TI_args_main
000006fd   __TI_auto_init
20000208   __TI_cleanup_ptr
00000a1b   __TI_decompress_none
00000a5b   __TI_decompress_rle24
2000020c   __TI_dtors_ptr
00000000   __TI_static_base__
00000661   __aeabi_memcpy
00000661   __aeabi_memcpy4
00000661   __aeabi_memcpy8
ffffffff   __binit__
ffffffff   __c_args__
20000000   __stack
000009c9   _args_main
00000839   _c_int00
20000200   _lock
00000a03   _nop
000009fb   _register_lock
000009f5   _register_unlock
20000204   _unlock
000008c9   abort
ffffffff   binit
00000881   copy_in
000008d1   exit
00000000   g_pfnVectors
00000599   main
20000210   main_func_sp
00000661   memcpy


GLOBAL SYMBOLS: SORTED BY Symbol Address 

address    name
--------   ----
00000000   __TI_static_base__
00000000   g_pfnVectors
00000001   __TI_args_main
00000200   __STACK_SIZE
0000026d   GPIOPadConfigSet
0000039d   SysCtlClockGet
000004a9   SysCtlClockSet
00000599   main
00000661   __aeabi_memcpy
00000661   __aeabi_memcpy4
00000661   __aeabi_memcpy8
00000661   memcpy
000006fd   __TI_auto_init
000007f1   GPIOPinConfigure
00000839   _c_int00
00000881   copy_in
000008c5   C$$EXIT
000008c9   abort
000008d1   exit
00000909   UARTConfigSetExpClk
0000094d   SysCtlPeripheralEnable
00000981   GPIODirModeSet
000009ad   UARTDisable
000009c9   _args_main
000009e1   UARTEnable
000009f5   _register_unlock
000009fb   _register_lock
00000a03   _nop
00000a09   GPIOPinTypeUART
00000a1b   __TI_decompress_none
00000a29   UARTCharsAvail
00000a35   ResetISR
00000a41   UARTCharGet
00000a4b   UARTCharPut
00000a55   SysCtlDelay
00000a5b   __TI_decompress_rle24
00000b70   __TI_Handler_Table_Base
00000b78   __TI_CINIT_Base
00000b78   __TI_Handler_Table_Limit
00000b80   __TI_CINIT_Limit
20000000   __stack
20000200   __STACK_END
20000200   __STACK_TOP
20000200   _lock
20000204   _unlock
20000208   __TI_cleanup_ptr
2000020c   __TI_dtors_ptr
20000210   main_func_sp
ffffffff   __binit__
ffffffff   __c_args__
ffffffff   binit
UNDEFED    SHT$$INIT_ARRAY$$Base
UNDEFED    SHT$$INIT_ARRAY$$Limit

[53 symbols]
