******************************************************************************
                  TI ARM Linker PC v5.1.6                      
******************************************************************************
>> Linked Fri Feb 26 17:50:47 2016

OUTPUT FILE NAME:   <UART_basic.out>
ENTRY POINT SYMBOL: "_c_int00"  address: 00000d2d


MEMORY CONFIGURATION

         name            origin    length      used     unused   attr    fill
----------------------  --------  ---------  --------  --------  ----  --------
  FLASH                 00000000   00040000  00001164  0003ee9c  R  X
  SRAM                  20000000   00008000  0000021c  00007de4  RW X


SEGMENT ALLOCATION MAP

run origin  load origin   length   init length attrs members
----------  ----------- ---------- ----------- ----- -------
00000000    00000000    00001168   00001168    r-x
  00000000    00000000    0000026c   0000026c    r-- .intvecs
  0000026c    0000026c    00000daa   00000daa    r-x .text
  00001018    00001018    0000012e   0000012e    r-- .const
  00001148    00001148    00000020   00000020    r-- .cinit
20000000    20000000    0000021c   00000000    rw-
  20000000    20000000    00000200   00000000    rw- .stack
  20000200    20000200    0000001c   00000000    rw- .data


SECTION ALLOCATION MAP

 output                                  attributes/
section   page    origin      length       input sections
--------  ----  ----------  ----------   ----------------
.intvecs   0    00000000    0000026c     
                  00000000    0000026c     tm4c123gh6pm_startup_ccs.obj (.intvecs)

.init_array 
*          0    00000000    00000000     UNINITIALIZED

.text      0    0000026c    00000daa     
                  0000026c    0000049c     uartstdio.obj (.text)
                  00000708    000001c4     main.obj (.text)
                  000008cc    00000130     driverlib.lib : gpio.obj (.text:GPIOPadConfigSet)
                  000009fc    000000f0                   : sysctl.obj (.text:SysCtlClockSet)
                  00000aec    0000009c     rtsv7M4_T_le_v4SPD16_eabi.lib : memcpy_t2.obj (.text)
                  00000b88    00000094                                   : auto_init.obj (.text)
                  00000c1c    00000068     driverlib.lib : interrupt.obj (.text:IntEnable)
                  00000c84    0000005e     rtsv7M4_T_le_v4SPD16_eabi.lib : copy_decompress_rle.obj (.text)
                  00000ce2    00000002     --HOLE-- [fill = 0]
                  00000ce4    00000048     driverlib.lib : gpio.obj (.text:GPIOPinConfigure)
                  00000d2c    00000048     rtsv7M4_T_le_v4SPD16_eabi.lib : boot.obj (.text)
                  00000d74    00000044                                   : cpy_tbl.obj (.text)
                  00000db8    00000044                                   : exit.obj (.text)
                  00000dfc    00000042     driverlib.lib : uart.obj (.text:UARTConfigSetExpClk)
                  00000e3e    00000042     rtsv7M4_T_le_v4SPD16_eabi.lib : u_divt2.obj (.text)
                  00000e80    00000038     driverlib.lib : sysctl.obj (.text:SysCtlPeripheralPresent)
                  00000eb8    00000034                   : sysctl.obj (.text:SysCtlPeripheralEnable)
                  00000eec    0000002a                   : gpio.obj (.text:GPIODirModeSet)
                  00000f16    00000002     --HOLE-- [fill = 0]
                  00000f18    0000001c                   : uart.obj (.text:UARTDisable)
                  00000f34    00000018                   : gpio.obj (.text:GPIOPinTypeGPIOOutput)
                  00000f4c    00000018     rtsv7M4_T_le_v4SPD16_eabi.lib : args_main.obj (.text)
                  00000f64    00000014     driverlib.lib : uart.obj (.text:UARTEnable)
                  00000f78    00000014     rtsv7M4_T_le_v4SPD16_eabi.lib : _lock.obj (.text)
                  00000f8c    00000012     driverlib.lib : gpio.obj (.text:GPIOPinTypeUART)
                  00000f9e    00000010                   : interrupt.obj (.text:IntMasterEnable)
                  00000fae    0000000e     rtsv7M4_T_le_v4SPD16_eabi.lib : copy_decompress_none.obj (.text:decompress:none)
                  00000fbc    0000000c     driverlib.lib : cpu.obj (.text:CPUcpsie)
                  00000fc8    0000000c     tm4c123gh6pm_startup_ccs.obj (.text)
                  00000fd4    0000000a     driverlib.lib : uart.obj (.text:UARTCharGet)
                  00000fde    0000000a                   : uart.obj (.text:UARTCharPut)
                  00000fe8    0000000a                   : uart.obj (.text:UARTIntStatus)
                  00000ff2    00000008                   : uart.obj (.text:UARTIntEnable)
                  00000ffa    00000006                   : gpio.obj (.text:GPIOPinWrite)
                  00001000    00000006                   : sysctl.obj (.text:SysCtlDelay)
                  00001006    00000006                   : uart.obj (.text:UARTClockSourceSet)
                  0000100c    00000006     rtsv7M4_T_le_v4SPD16_eabi.lib : copy_decompress_rle.obj (.text:decompress:rle24)
                  00001012    00000004     driverlib.lib : uart.obj (.text:UARTIntClear)

.const     0    00001018    0000012e     
                  00001018    00000090     driverlib.lib : gpio.obj (.const:g_pui32GPIOBaseAddrs)
                  000010a8    00000070                   : interrupt.obj (.const)
                  00001118    0000001c     uartstdio.obj (.const)
                  00001134    00000012     uartstdio.obj (.const:.string)

.cinit     0    00001148    00000020     
                  00001148    0000000f     (.cinit..data.load) [load image, compression = rle]
                  00001157    00000001     --HOLE-- [fill = 0]
                  00001158    00000008     (__TI_handler_table)
                  00001160    00000008     (__TI_cinit_table)

.stack     0    20000000    00000200     UNINITIALIZED
                  20000000    00000200     --HOLE--

.data      0    20000200    0000001c     UNINITIALIZED
                  20000200    00000008     rtsv7M4_T_le_v4SPD16_eabi.lib : _lock.obj (.data)
                  20000208    00000008                                   : exit.obj (.data)
                  20000210    00000005     uartstdio.obj (.data)
                  20000215    00000003     --HOLE--
                  20000218    00000004     rtsv7M4_T_le_v4SPD16_eabi.lib : stkdepth_vars.obj (.data)


LINKER GENERATED COPY TABLES

__TI_cinit_table @ 00001160 records: 1, size/record: 8, table size: 8
	.data: load addr=00001148, load size=0000000f bytes, run addr=20000200, run size=0000001c bytes, compression=rle


LINKER GENERATED HANDLER TABLE

__TI_handler_table @ 00001158 records: 2, size/record: 4, table size: 8
	index: 0, handler: __TI_decompress_rle24
	index: 1, handler: __TI_decompress_none


GLOBAL SYMBOLS: SORTED ALPHABETICALLY BY Name 

address    name
--------   ----
00000db9   C$$EXIT
00000fbd   CPUcpsie
00000eed   GPIODirModeSet
000008cd   GPIOPadConfigSet
00000ce5   GPIOPinConfigure
00000f35   GPIOPinTypeGPIOOutput
00000f8d   GPIOPinTypeUART
00000ffb   GPIOPinWrite
00000c1d   IntEnable
00000f9f   IntMasterEnable
00000fc9   ResetISR
UNDEFED    SHT$$INIT_ARRAY$$Base
UNDEFED    SHT$$INIT_ARRAY$$Limit
000009fd   SysCtlClockSet
00001001   SysCtlDelay
00000eb9   SysCtlPeripheralEnable
00000e81   SysCtlPeripheralPresent
00000fd5   UARTCharGet
00000fdf   UARTCharPut
00001007   UARTClockSourceSet
00000dfd   UARTConfigSetExpClk
00000f19   UARTDisable
00000f65   UARTEnable
00001013   UARTIntClear
00000ff3   UARTIntEnable
00000709   UARTIntHandler
00000fe9   UARTIntStatus
0000026d   UARTStdioConfig
000003b3   UARTgetc
000002f9   UARTgets
000006d3   UARTprintf
000003d9   UARTvprintf
000002b3   UARTwrite
20000200   __STACK_END
00000200   __STACK_SIZE
20000200   __STACK_TOP
00001160   __TI_CINIT_Base
00001168   __TI_CINIT_Limit
00001158   __TI_Handler_Table_Base
00001160   __TI_Handler_Table_Limit
00000001   __TI_args_main
00000b89   __TI_auto_init
20000208   __TI_cleanup_ptr
00000faf   __TI_decompress_none
0000100d   __TI_decompress_rle24
2000020c   __TI_dtors_ptr
00000000   __TI_static_base__
00000aed   __aeabi_memcpy
00000aed   __aeabi_memcpy4
00000aed   __aeabi_memcpy8
00000e3f   __aeabi_uidivmod
ffffffff   __binit__
ffffffff   __c_args__
20000000   __stack
00000f4d   _args_main
00000d2d   _c_int00
20000200   _lock
00000f87   _nop
00000f7f   _register_lock
00000f79   _register_unlock
20000204   _unlock
00000dbd   abort
ffffffff   binit
00000d75   copy_in
00000dc5   exit
00000000   g_pfnVectors
00000781   main
20000218   main_func_sp
00000aed   memcpy


GLOBAL SYMBOLS: SORTED BY Symbol Address 

address    name
--------   ----
00000000   __TI_static_base__
00000000   g_pfnVectors
00000001   __TI_args_main
00000200   __STACK_SIZE
0000026d   UARTStdioConfig
000002b3   UARTwrite
000002f9   UARTgets
000003b3   UARTgetc
000003d9   UARTvprintf
000006d3   UARTprintf
00000709   UARTIntHandler
00000781   main
000008cd   GPIOPadConfigSet
000009fd   SysCtlClockSet
00000aed   __aeabi_memcpy
00000aed   __aeabi_memcpy4
00000aed   __aeabi_memcpy8
00000aed   memcpy
00000b89   __TI_auto_init
00000c1d   IntEnable
00000ce5   GPIOPinConfigure
00000d2d   _c_int00
00000d75   copy_in
00000db9   C$$EXIT
00000dbd   abort
00000dc5   exit
00000dfd   UARTConfigSetExpClk
00000e3f   __aeabi_uidivmod
00000e81   SysCtlPeripheralPresent
00000eb9   SysCtlPeripheralEnable
00000eed   GPIODirModeSet
00000f19   UARTDisable
00000f35   GPIOPinTypeGPIOOutput
00000f4d   _args_main
00000f65   UARTEnable
00000f79   _register_unlock
00000f7f   _register_lock
00000f87   _nop
00000f8d   GPIOPinTypeUART
00000f9f   IntMasterEnable
00000faf   __TI_decompress_none
00000fbd   CPUcpsie
00000fc9   ResetISR
00000fd5   UARTCharGet
00000fdf   UARTCharPut
00000fe9   UARTIntStatus
00000ff3   UARTIntEnable
00000ffb   GPIOPinWrite
00001001   SysCtlDelay
00001007   UARTClockSourceSet
0000100d   __TI_decompress_rle24
00001013   UARTIntClear
00001158   __TI_Handler_Table_Base
00001160   __TI_CINIT_Base
00001160   __TI_Handler_Table_Limit
00001168   __TI_CINIT_Limit
20000000   __stack
20000200   __STACK_END
20000200   __STACK_TOP
20000200   _lock
20000204   _unlock
20000208   __TI_cleanup_ptr
2000020c   __TI_dtors_ptr
20000218   main_func_sp
ffffffff   __binit__
ffffffff   __c_args__
ffffffff   binit
UNDEFED    SHT$$INIT_ARRAY$$Base
UNDEFED    SHT$$INIT_ARRAY$$Limit

[69 symbols]
