******************************************************************************
                  TI ARM Linker PC v5.1.6                      
******************************************************************************
>> Linked Mon Mar 14 14:02:22 2016

OUTPUT FILE NAME:   <I2C_master_test.out>
ENTRY POINT SYMBOL: "_c_int00"  address: 00000949


MEMORY CONFIGURATION

         name            origin    length      used     unused   attr    fill
----------------------  --------  ---------  --------  --------  ----  --------
  FLASH                 00000000   00040000  00000c34  0003f3cc  R  X
  SRAM                  20000000   00008000  00000214  00007dec  RW X


SEGMENT ALLOCATION MAP

run origin  load origin   length   init length attrs members
----------  ----------- ---------- ----------- ----- -------
00000000    00000000    00000c38   00000c38    r-x
  00000000    00000000    0000026c   0000026c    r-- .intvecs
  0000026c    0000026c    000008a4   000008a4    r-x .text
  00000b10    00000b10    00000104   00000104    r-- .const
  00000c18    00000c18    00000020   00000020    r-- .cinit
20000000    20000000    00000214   00000000    rw-
  20000000    20000000    00000200   00000000    rw- .stack
  20000200    20000200    00000014   00000000    rw- .data


SECTION ALLOCATION MAP

 output                                  attributes/
section   page    origin      length       input sections
--------  ----  ----------  ----------   ----------------
.intvecs   0    00000000    0000026c     
                  00000000    0000026c     tm4c123gh6pm_startup_ccs.obj (.intvecs)

.init_array 
*          0    00000000    00000000     UNINITIALIZED

.text      0    0000026c    000008a4     
                  0000026c    00000140     main.obj (.text)
                  000003ac    00000130     driverlib.lib : gpio.obj (.text:GPIOPadConfigSet)
                  000004dc    0000010c                   : sysctl.obj (.text:SysCtlClockGet)
                  000005e8    000000f0                   : sysctl.obj (.text:SysCtlClockSet)
                  000006d8    0000009c     rtsv7M4_T_le_v4SPD16_eabi.lib : memcpy_t2.obj (.text)
                  00000774    00000094                                   : auto_init.obj (.text)
                  00000808    0000005e                                   : copy_decompress_rle.obj (.text)
                  00000866    00000002     --HOLE-- [fill = 0]
                  00000868    00000050     driverlib.lib : sysctl.obj (.text:SysCtlPeripheralReset)
                  000008b8    00000048                   : gpio.obj (.text:GPIOPinConfigure)
                  00000900    00000048                   : i2c.obj (.text:I2CMasterInitExpClk)
                  00000948    00000048     rtsv7M4_T_le_v4SPD16_eabi.lib : boot.obj (.text)
                  00000990    00000044                                   : cpy_tbl.obj (.text)
                  000009d4    00000044                                   : exit.obj (.text)
                  00000a18    00000034     driverlib.lib : sysctl.obj (.text:SysCtlPeripheralEnable)
                  00000a4c    0000002a                   : gpio.obj (.text:GPIODirModeSet)
                  00000a76    00000002     --HOLE-- [fill = 0]
                  00000a78    00000018     rtsv7M4_T_le_v4SPD16_eabi.lib : args_main.obj (.text)
                  00000a90    00000014                                   : _lock.obj (.text)
                  00000aa4    00000012     driverlib.lib : gpio.obj (.text:GPIOPinTypeI2C)
                  00000ab6    00000012                   : gpio.obj (.text:GPIOPinTypeI2CSCL)
                  00000ac8    0000000e     rtsv7M4_T_le_v4SPD16_eabi.lib : copy_decompress_none.obj (.text:decompress:none)
                  00000ad6    0000000c     tm4c123gh6pm_startup_ccs.obj (.text)
                  00000ae2    0000000a     driverlib.lib : i2c.obj (.text:I2CMasterEnable)
                  00000aec    00000008                   : i2c.obj (.text:I2CMasterBusy)
                  00000af4    00000008                   : i2c.obj (.text:I2CMasterSlaveAddrSet)
                  00000afc    00000006                   : sysctl.obj (.text:SysCtlDelay)
                  00000b02    00000006     rtsv7M4_T_le_v4SPD16_eabi.lib : copy_decompress_rle.obj (.text:decompress:rle24)
                  00000b08    00000004     driverlib.lib : i2c.obj (.text:I2CMasterControl)
                  00000b0c    00000004                   : i2c.obj (.text:I2CMasterDataPut)

.const     0    00000b10    00000104     
                  00000b10    00000090     driverlib.lib : gpio.obj (.const:g_pui32GPIOBaseAddrs)
                  00000ba0    0000006c                   : sysctl.obj (.const:g_pui32Xtals)
                  00000c0c    00000008     main.obj (.const:.string)

.cinit     0    00000c18    00000020     
                  00000c18    0000000f     (.cinit..data.load) [load image, compression = rle]
                  00000c27    00000001     --HOLE-- [fill = 0]
                  00000c28    00000008     (__TI_handler_table)
                  00000c30    00000008     (__TI_cinit_table)

.stack     0    20000000    00000200     UNINITIALIZED
                  20000000    00000200     --HOLE--

.data      0    20000200    00000014     UNINITIALIZED
                  20000200    00000008     rtsv7M4_T_le_v4SPD16_eabi.lib : _lock.obj (.data)
                  20000208    00000008                                   : exit.obj (.data)
                  20000210    00000004                                   : stkdepth_vars.obj (.data)


LINKER GENERATED COPY TABLES

__TI_cinit_table @ 00000c30 records: 1, size/record: 8, table size: 8
	.data: load addr=00000c18, load size=0000000f bytes, run addr=20000200, run size=00000014 bytes, compression=rle


LINKER GENERATED HANDLER TABLE

__TI_handler_table @ 00000c28 records: 2, size/record: 4, table size: 8
	index: 0, handler: __TI_decompress_rle24
	index: 1, handler: __TI_decompress_none


GLOBAL SYMBOLS: SORTED ALPHABETICALLY BY Name 

address    name
--------   ----
000009d5   C$$EXIT
00000a4d   GPIODirModeSet
000003ad   GPIOPadConfigSet
000008b9   GPIOPinConfigure
00000aa5   GPIOPinTypeI2C
00000ab7   GPIOPinTypeI2CSCL
00000aed   I2CMasterBusy
00000b09   I2CMasterControl
00000b0d   I2CMasterDataPut
00000ae3   I2CMasterEnable
00000901   I2CMasterInitExpClk
00000af5   I2CMasterSlaveAddrSet
000002b3   I2CSendString
0000026d   InitI2C0
00000ad7   ResetISR
UNDEFED    SHT$$INIT_ARRAY$$Base
UNDEFED    SHT$$INIT_ARRAY$$Limit
000004dd   SysCtlClockGet
000005e9   SysCtlClockSet
00000afd   SysCtlDelay
00000a19   SysCtlPeripheralEnable
00000869   SysCtlPeripheralReset
20000200   __STACK_END
00000200   __STACK_SIZE
20000200   __STACK_TOP
00000c30   __TI_CINIT_Base
00000c38   __TI_CINIT_Limit
00000c28   __TI_Handler_Table_Base
00000c30   __TI_Handler_Table_Limit
00000001   __TI_args_main
00000775   __TI_auto_init
20000208   __TI_cleanup_ptr
00000ac9   __TI_decompress_none
00000b03   __TI_decompress_rle24
2000020c   __TI_dtors_ptr
00000000   __TI_static_base__
000006d9   __aeabi_memcpy
000006d9   __aeabi_memcpy4
000006d9   __aeabi_memcpy8
ffffffff   __binit__
ffffffff   __c_args__
20000000   __stack
00000a79   _args_main
00000949   _c_int00
20000200   _lock
00000a9f   _nop
00000a97   _register_lock
00000a91   _register_unlock
20000204   _unlock
000009d9   abort
ffffffff   binit
00000991   copy_in
000009e1   exit
00000000   g_pfnVectors
00000359   main
20000210   main_func_sp
000006d9   memcpy


GLOBAL SYMBOLS: SORTED BY Symbol Address 

address    name
--------   ----
00000000   __TI_static_base__
00000000   g_pfnVectors
00000001   __TI_args_main
00000200   __STACK_SIZE
0000026d   InitI2C0
000002b3   I2CSendString
00000359   main
000003ad   GPIOPadConfigSet
000004dd   SysCtlClockGet
000005e9   SysCtlClockSet
000006d9   __aeabi_memcpy
000006d9   __aeabi_memcpy4
000006d9   __aeabi_memcpy8
000006d9   memcpy
00000775   __TI_auto_init
00000869   SysCtlPeripheralReset
000008b9   GPIOPinConfigure
00000901   I2CMasterInitExpClk
00000949   _c_int00
00000991   copy_in
000009d5   C$$EXIT
000009d9   abort
000009e1   exit
00000a19   SysCtlPeripheralEnable
00000a4d   GPIODirModeSet
00000a79   _args_main
00000a91   _register_unlock
00000a97   _register_lock
00000a9f   _nop
00000aa5   GPIOPinTypeI2C
00000ab7   GPIOPinTypeI2CSCL
00000ac9   __TI_decompress_none
00000ad7   ResetISR
00000ae3   I2CMasterEnable
00000aed   I2CMasterBusy
00000af5   I2CMasterSlaveAddrSet
00000afd   SysCtlDelay
00000b03   __TI_decompress_rle24
00000b09   I2CMasterControl
00000b0d   I2CMasterDataPut
00000c28   __TI_Handler_Table_Base
00000c30   __TI_CINIT_Base
00000c30   __TI_Handler_Table_Limit
00000c38   __TI_CINIT_Limit
20000000   __stack
20000200   __STACK_END
20000200   __STACK_TOP
20000200   _lock
20000204   _unlock
20000208   __TI_cleanup_ptr
2000020c   __TI_dtors_ptr
20000210   main_func_sp
ffffffff   __binit__
ffffffff   __c_args__
ffffffff   binit
UNDEFED    SHT$$INIT_ARRAY$$Base
UNDEFED    SHT$$INIT_ARRAY$$Limit

[57 symbols]
